Component: Arm Compiler for Embedded 6.18 Tool: armlink [5e4cc100]

==============================================================================

Section Cross References

    startup_stm32f103xb.o(STACK) refers (Special) to heapauxi.o(.text) for __use_two_region_memory
    startup_stm32f103xb.o(HEAP) refers (Special) to heapauxi.o(.text) for __use_two_region_memory
    startup_stm32f103xb.o(RESET) refers (Special) to heapauxi.o(.text) for __use_two_region_memory
    startup_stm32f103xb.o(RESET) refers to startup_stm32f103xb.o(STACK) for __initial_sp
    startup_stm32f103xb.o(RESET) refers to startup_stm32f103xb.o(.text) for Reset_Handler
    startup_stm32f103xb.o(RESET) refers to stm32f1xx_it.o(.text.NMI_Handler) for NMI_Handler
    startup_stm32f103xb.o(RESET) refers to stm32f1xx_it.o(.text.HardFault_Handler) for HardFault_Handler
    startup_stm32f103xb.o(RESET) refers to stm32f1xx_it.o(.text.MemManage_Handler) for MemManage_Handler
    startup_stm32f103xb.o(RESET) refers to stm32f1xx_it.o(.text.BusFault_Handler) for BusFault_Handler
    startup_stm32f103xb.o(RESET) refers to stm32f1xx_it.o(.text.UsageFault_Handler) for UsageFault_Handler
    startup_stm32f103xb.o(RESET) refers to stm32f1xx_it.o(.text.SVC_Handler) for SVC_Handler
    startup_stm32f103xb.o(RESET) refers to stm32f1xx_it.o(.text.DebugMon_Handler) for DebugMon_Handler
    startup_stm32f103xb.o(RESET) refers to stm32f1xx_it.o(.text.PendSV_Handler) for PendSV_Handler
    startup_stm32f103xb.o(RESET) refers to stm32f1xx_it.o(.text.SysTick_Handler) for SysTick_Handler
    startup_stm32f103xb.o(.text) refers (Special) to heapauxi.o(.text) for __use_two_region_memory
    startup_stm32f103xb.o(.text) refers to system_stm32f1xx.o(.text.SystemInit) for SystemInit
    startup_stm32f103xb.o(.text) refers to __main.o(!!!main) for __main
    startup_stm32f103xb.o(.text) refers to startup_stm32f103xb.o(HEAP) for Heap_Mem
    startup_stm32f103xb.o(.text) refers to startup_stm32f103xb.o(STACK) for Stack_Mem
    main.o(.text.main) refers to stm32f1xx_hal.o(.text.HAL_Init) for HAL_Init
    main.o(.text.main) refers to stm32f1xx_hal_rcc.o(.text.HAL_RCC_OscConfig) for HAL_RCC_OscConfig
    main.o(.text.main) refers to stm32f1xx_hal_rcc.o(.text.HAL_RCC_ClockConfig) for HAL_RCC_ClockConfig
    main.o(.text.main) refers to stm32f1xx_hal_rcc.o(.text.HAL_RCC_EnableCSS) for HAL_RCC_EnableCSS
    main.o(.text.main) refers to gpio.o(.text.MX_GPIO_Init) for MX_GPIO_Init
    main.o(.text.main) refers to crc.o(.text.MX_CRC_Init) for MX_CRC_Init
    main.o(.text.main) refers to usart.o(.text.MX_USART1_UART_Init) for MX_USART1_UART_Init
    main.o(.text.main) refers to usart.o(.text.MX_USART2_UART_Init) for MX_USART2_UART_Init
    main.o(.text.main) refers to bootloader.o(.text.BTL_EnFetchHostCmd) for BTL_EnFetchHostCmd
    main.o(.ARM.exidx.text.main) refers to main.o(.text.main) for [Anonymous Symbol]
    main.o(.text.SystemClock_Config) refers to stm32f1xx_hal_rcc.o(.text.HAL_RCC_OscConfig) for HAL_RCC_OscConfig
    main.o(.text.SystemClock_Config) refers to stm32f1xx_hal_rcc.o(.text.HAL_RCC_ClockConfig) for HAL_RCC_ClockConfig
    main.o(.text.SystemClock_Config) refers to stm32f1xx_hal_rcc.o(.text.HAL_RCC_EnableCSS) for HAL_RCC_EnableCSS
    main.o(.ARM.exidx.text.SystemClock_Config) refers to main.o(.text.SystemClock_Config) for [Anonymous Symbol]
    main.o(.ARM.exidx.text.Error_Handler) refers to main.o(.text.Error_Handler) for [Anonymous Symbol]
    gpio.o(.ARM.exidx.text.MX_GPIO_Init) refers to gpio.o(.text.MX_GPIO_Init) for [Anonymous Symbol]
    crc.o(.text.MX_CRC_Init) refers to crc.o(.bss.hcrc) for hcrc
    crc.o(.text.MX_CRC_Init) refers to stm32f1xx_hal_crc.o(.text.HAL_CRC_Init) for HAL_CRC_Init
    crc.o(.text.MX_CRC_Init) refers to main.o(.text.Error_Handler) for Error_Handler
    crc.o(.ARM.exidx.text.MX_CRC_Init) refers to crc.o(.text.MX_CRC_Init) for [Anonymous Symbol]
    crc.o(.ARM.exidx.text.HAL_CRC_MspInit) refers to crc.o(.text.HAL_CRC_MspInit) for [Anonymous Symbol]
    crc.o(.ARM.exidx.text.HAL_CRC_MspDeInit) refers to crc.o(.text.HAL_CRC_MspDeInit) for [Anonymous Symbol]
    usart.o(.text.MX_USART1_UART_Init) refers to usart.o(.bss.huart1) for huart1
    usart.o(.text.MX_USART1_UART_Init) refers to stm32f1xx_hal_uart.o(.text.HAL_UART_Init) for HAL_UART_Init
    usart.o(.text.MX_USART1_UART_Init) refers to main.o(.text.Error_Handler) for Error_Handler
    usart.o(.ARM.exidx.text.MX_USART1_UART_Init) refers to usart.o(.text.MX_USART1_UART_Init) for [Anonymous Symbol]
    usart.o(.text.MX_USART2_UART_Init) refers to usart.o(.bss.huart2) for huart2
    usart.o(.text.MX_USART2_UART_Init) refers to stm32f1xx_hal_uart.o(.text.HAL_UART_Init) for HAL_UART_Init
    usart.o(.text.MX_USART2_UART_Init) refers to main.o(.text.Error_Handler) for Error_Handler
    usart.o(.ARM.exidx.text.MX_USART2_UART_Init) refers to usart.o(.text.MX_USART2_UART_Init) for [Anonymous Symbol]
[...]
    ../clib/signal.c                         0x00000000   Number         0  defsig_other.o ABSOLUTE
    ../clib/signal.s                         0x00000000   Number         0  defsig.o ABSOLUTE
    ../clib/stdlib.c                         0x00000000   Number         0  exit.o ABSOLUTE
    ../fplib/fpinit.s                        0x00000000   Number         0  fpinit.o ABSOLUTE
    ../fplib/fpinit_empty.s                  0x00000000   Number         0  fpinit_empty.o ABSOLUTE
    ../fplib/istatus.s                       0x00000000   Number         0  istatus.o ABSOLUTE
    ../fplib/printf1.s                       0x00000000   Number         0  printf1.o ABSOLUTE
    ../fplib/printf2.s                       0x00000000   Number         0  printf2.o ABSOLUTE
    ../fplib/printf2a.s                      0x00000000   Number         0  printf2a.o ABSOLUTE
    ../fplib/printf2b.s                      0x00000000   Number         0  printf2b.o ABSOLUTE
    ../fplib/usenofp.s                       0x00000000   Number         0  usenofp.o ABSOLUTE
    ../mathlib/fpclassify.c                  0x00000000   Number         0  fpclassify.o ABSOLUTE
    bootloader.c                             0x00000000   Number         0  bootloader.o ABSOLUTE
    crc.c                                    0x00000000   Number         0  crc.o ABSOLUTE
    dc.s                                     0x00000000   Number         0  dc.o ABSOLUTE
    gpio.c                                   0x00000000   Number         0  gpio.o ABSOLUTE
    main.c                                   0x00000000   Number         0  main.o ABSOLUTE
    startup_stm32f103xb.s                    0x00000000   Number         0  startup_stm32f103xb.o ABSOLUTE
    stm32f1xx_hal.c                          0x00000000   Number         0  stm32f1xx_hal.o ABSOLUTE
    stm32f1xx_hal_cortex.c                   0x00000000   Number         0  stm32f1xx_hal_cortex.o ABSOLUTE
    stm32f1xx_hal_crc.c                      0x00000000   Number         0  stm32f1xx_hal_crc.o ABSOLUTE
    stm32f1xx_hal_dma.c                      0x00000000   Number         0  stm32f1xx_hal_dma.o ABSOLUTE
    stm32f1xx_hal_exti.c                     0x00000000   Number         0  stm32f1xx_hal_exti.o ABSOLUTE
    stm32f1xx_hal_flash.c                    0x00000000   Number         0  stm32f1xx_hal_flash.o ABSOLUTE
    stm32f1xx_hal_flash_ex.c                 0x00000000   Number         0  stm32f1xx_hal_flash_ex.o ABSOLUTE
    stm32f1xx_hal_gpio.c                     0x00000000   Number         0  stm32f1xx_hal_gpio.o ABSOLUTE
    stm32f1xx_hal_gpio_ex.c                  0x00000000   Number         0  stm32f1xx_hal_gpio_ex.o ABSOLUTE
    stm32f1xx_hal_msp.c                      0x00000000   Number         0  stm32f1xx_hal_msp.o ABSOLUTE
    stm32f1xx_hal_pwr.c                      0x00000000   Number         0  stm32f1xx_hal_pwr.o ABSOLUTE
    stm32f1xx_hal_rcc.c                      0x00000000   Number         0  stm32f1xx_hal_rcc.o ABSOLUTE
    stm32f1xx_hal_rcc_ex.c                   0x00000000   Number         0  stm32f1xx_hal_rcc_ex.o ABSOLUTE
    stm32f1xx_hal_tim.c                      0x00000000   Number         0  stm32f1xx_hal_tim.o ABSOLUTE
    stm32f1xx_hal_tim_ex.c                   0x00000000   Number         0  stm32f1xx_hal_tim_ex.o ABSOLUTE
    stm32f1xx_hal_uart.c                     0x00000000   Number         0  stm32f1xx_hal_uart.o ABSOLUTE
    stm32f1xx_it.c                           0x00000000   Number         0  stm32f1xx_it.o ABSOLUTE
    system_stm32f1xx.c                       0x00000000   Number         0  system_stm32f1xx.o ABSOLUTE
    usart.c                                  0x00000000   Number         0  usart.o ABSOLUTE
    RESET                                    0x08000000   Section      236  startup_stm32f103xb.o(RESET)
    !!!main                                  0x080000ec   Section        8  __main.o(!!!main)
    !!!scatter                               0x080000f4   Section       52  __scatter.o(!!!scatter)
    !!handler_copy                           0x08000128   Section       26  __scatter_copy.o(!!handler_copy)
    !!handler_zi                             0x08000144   Section       28  __scatter_zi.o(!!handler_zi)
    .ARM.Collect$$_printf_percent$$00000000  0x08000160   Section        0  _printf_percent.o(.ARM.Collect$$_printf_percent$$00000000)
    .ARM.Collect$$_printf_percent$$00000001  0x08000160   Section        6  _printf_n.o(.ARM.Collect$$_printf_percent$$00000001)
    .ARM.Collect$$_printf_percent$$00000002  0x08000166   Section        6  _printf_p.o(.ARM.Collect$$_printf_percent$$00000002)
    .ARM.Collect$$_printf_percent$$00000003  0x0800016c   Section        6  _printf_f.o(.ARM.Collect$$_printf_percent$$00000003)
    .ARM.Collect$$_printf_percent$$00000004  0x08000172   Section        6  _printf_e.o(.ARM.Collect$$_printf_percent$$00000004)
    .ARM.Collect$$_printf_percent$$00000005  0x08000178   Section        6  _printf_g.o(.ARM.Collect$$_printf_percent$$00000005)
    .ARM.Collect$$_printf_percent$$00000006  0x0800017e   Section        6  _printf_a.o(.ARM.Collect$$_printf_percent$$00000006)
    .ARM.Collect$$_printf_percent$$00000007  0x08000184   Section       10  _printf_ll.o(.ARM.Collect$$_printf_percent$$00000007)
    .ARM.Collect$$_printf_percent$$00000008  0x0800018e   Section        6  _printf_i.o(.ARM.Collect$$_printf_percent$$00000008)
    .ARM.Collect$$_printf_percent$$00000009  0x08000194   Section        6  _printf_d.o(.ARM.Collect$$_printf_percent$$00000009)
    .ARM.Collect$$_printf_percent$$0000000A  0x0800019a   Section        6  _printf_u.o(.ARM.Collect$$_printf_percent$$0000000A)
    .ARM.Collect$$_printf_percent$$0000000B  0x080001a0   Section        6  _printf_o.o(.ARM.Collect$$_printf_percent$$0000000B)
    .ARM.Collect$$_printf_percent$$0000000C  0x080001a6   Section        6  _printf_x.o(.ARM.Collect$$_printf_percent$$0000000C)
    .ARM.Collect$$_printf_percent$$0000000D  0x080001ac   Section        6  _printf_lli.o(.ARM.Collect$$_printf_percent$$0000000D)
    .ARM.Collect$$_printf_percent$$0000000E  0x080001b2   Section        6  _printf_lld.o(.ARM.Collect$$_printf_percent$$0000000E)
    .ARM.Collect$$_printf_percent$$0000000F  0x080001b8   Section        6  _printf_llu.o(.ARM.Collect$$_printf_percent$$0000000F)
    .ARM.Collect$$_printf_percent$$00000010  0x080001be   Section        6  _printf_llo.o(.ARM.Collect$$_printf_percent$$00000010)
    .ARM.Collect$$_printf_percent$$00000011  0x080001c4   Section        6  _printf_llx.o(.ARM.Collect$$_printf_percent$$00000011)
    .ARM.Collect$$_printf_percent$$00000012  0x080001ca   Section       10  _printf_l.o(.ARM.Collect$$_printf_percent$$00000012)
    .ARM.Collect$$_printf_percent$$00000013  0x080001d4   Section        6  _printf_c.o(.ARM.Collect$$_printf_percent$$00000013)
    .ARM.Collect$$_printf_percent$$00000014  0x080001da   Section        6  _printf_s.o(.ARM.Collect$$_printf_percent$$00000014)
    .ARM.Collect$$_printf_percent$$00000015  0x080001e0   Section        6  _printf_lc.o(.ARM.Collect$$_printf_percent$$00000015)
    .ARM.Collect$$_printf_percent$$00000016  0x080001e6   Section        6  _printf_ls.o(.ARM.Collect$$_printf_percent$$00000016)
    .ARM.Collect$$_printf_percent$$00000017  0x080001ec   Section        4  _printf_percent_end.o(.ARM.Collect$$_printf_percent$$00000017)
    .ARM.Collect$$libinit$$00000000          0x080001f0   Section        2  libinit.o(.ARM.Collect$$libinit$$00000000)
    .ARM.Collect$$libinit$$00000002          0x080001f2   Section        0  libinit2.o(.ARM.Collect$$libinit$$00000002)
    .ARM.Collect$$libinit$$00000004          0x080001f2   Section        0  libinit2.o(.ARM.Collect$$libinit$$00000004)
    .ARM.Collect$$libinit$$00000006          0x080001f2   Section        0  libinit2.o(.ARM.Collect$$libinit$$00000006)
    .ARM.Collect$$libinit$$0000000C          0x080001f2   Section        0  libinit2.o(.ARM.Collect$$libinit$$0000000C)
    .ARM.Collect$$libinit$$0000000E          0x080001f2   Section        0  libinit2.o(.ARM.Collect$$libinit$$0000000E)
    .ARM.Collect$$libinit$$00000010          0x080001f2   Section        0  libinit2.o(.ARM.Collect$$libinit$$00000010)
    .ARM.Collect$$libinit$$00000011          0x080001f2   Section        6  libinit2.o(.ARM.Collect$$libinit$$00000011)
    .ARM.Collect$$libinit$$00000013          0x080001f8   Section        0  libinit2.o(.ARM.Collect$$libinit$$00000013)
    .ARM.Collect$$libinit$$00000014          0x080001f8   Section       12  libinit2.o(.ARM.Collect$$libinit$$00000014)
    .ARM.Collect$$libinit$$00000015          0x08000204   Section        0  libinit2.o(.ARM.Collect$$libinit$$00000015)
    .ARM.Collect$$libinit$$00000017          0x08000204   Section        0  libinit2.o(.ARM.Collect$$libinit$$00000017)
    .ARM.Collect$$libinit$$00000018          0x08000204   Section       10  libinit2.o(.ARM.Collect$$libinit$$00000018)
    .ARM.Collect$$libinit$$00000019          0x0800020e   Section        0  libinit2.o(.ARM.Collect$$libinit$$00000019)
    .ARM.Collect$$libinit$$0000001B          0x0800020e   Section        0  libinit2.o(.ARM.Collect$$libinit$$0000001B)
    .ARM.Collect$$libinit$$0000001D          0x0800020e   Section        0  libinit2.o(.ARM.Collect$$libinit$$0000001D)
    .ARM.Collect$$libinit$$0000001F          0x0800020e   Section        0  libinit2.o(.ARM.Collect$$libinit$$0000001F)
    .ARM.Collect$$libinit$$00000021          0x0800020e   Section        0  libinit2.o(.ARM.Collect$$libinit$$00000021)
    .ARM.Collect$$libinit$$00000023          0x0800020e   Section        0  libinit2.o(.ARM.Collect$$libinit$$00000023)
    .ARM.Collect$$libinit$$00000025          0x0800020e   Section        0  libinit2.o(.ARM.Collect$$libinit$$00000025)
    .ARM.Collect$$libinit$$00000027          0x0800020e   Section        0  libinit2.o(.ARM.Collect$$libinit$$00000027)
    .ARM.Collect$$libinit$$0000002E          0x0800020e   Section        0  libinit2.o(.ARM.Collect$$libinit$$0000002E)
    .ARM.Collect$$libinit$$00000030          0x0800020e   Section        0  libinit2.o(.ARM.Collect$$libinit$$00000030)
    .ARM.Collect$$libinit$$00000032          0x0800020e   Section        0  libinit2.o(.ARM.Collect$$libinit$$00000032)
    .ARM.Collect$$libinit$$00000034          0x0800020e   Section        0  libinit2.o(.ARM.Collect$$libinit$$00000034)
    .ARM.Collect$$libinit$$00000035          0x0800020e   Section        2  libinit2.o(.ARM.Collect$$libinit$$00000035)
    .ARM.Collect$$libshutdown$$00000000      0x08000210   Section        2  libshutdown.o(.ARM.Collect$$libshutdown$$00000000)
    .ARM.Collect$$libshutdown$$00000002      0x08000212   Section        0  libshutdown2.o(.ARM.Collect$$libshutdown$$00000002)
    .ARM.Collect$$libshutdown$$00000004      0x08000212   Section        0  libshutdown2.o(.ARM.Collect$$libshutdown$$00000004)
    .ARM.Collect$$libshutdown$$00000007      0x08000212   Section        0  libshutdown2.o(.ARM.Collect$$libshutdown$$00000007)
    .ARM.Collect$$libshutdown$$0000000A      0x08000212   Section        0  libshutdown2.o(.ARM.Collect$$libshutdown$$0000000A)
    .ARM.Collect$$libshutdown$$0000000C      0x08000212   Section        0  libshutdown2.o(.ARM.Collect$$libshutdown$$0000000C)
    .ARM.Collect$$libshutdown$$0000000F      0x08000212   Section        0  libshutdown2.o(.ARM.Collect$$libshutdown$$0000000F)
    .ARM.Collect$$libshutdown$$00000010      0x08000212   Section        2  libshutdown2.o(.ARM.Collect$$libshutdown$$00000010)
    .ARM.Collect$$rtentry$$00000000          0x08000214   Section        0  __rtentry.o(.ARM.Collect$$rtentry$$00000000)
    .ARM.Collect$$rtentry$$00000002          0x08000214   Section        0  __rtentry2.o(.ARM.Collect$$rtentry$$00000002)
    .ARM.Collect$$rtentry$$00000004          0x08000214   Section        6  __rtentry4.o(.ARM.Collect$$rtentry$$00000004)
    .ARM.Collect$$rtentry$$00000009          0x0800021a   Section        0  __rtentry2.o(.ARM.Collect$$rtentry$$00000009)
    .ARM.Collect$$rtentry$$0000000A          0x0800021a   Section        4  __rtentry2.o(.ARM.Collect$$rtentry$$0000000A)
    .ARM.Collect$$rtentry$$0000000C          0x0800021e   Section        0  __rtentry2.o(.ARM.Collect$$rtentry$$0000000C)
    .ARM.Collect$$rtentry$$0000000D          0x0800021e   Section        8  __rtentry2.o(.ARM.Collect$$rtentry$$0000000D)
    .ARM.Collect$$rtexit$$00000000           0x08000226   Section        2  rtexit.o(.ARM.Collect$$rtexit$$00000000)
    .ARM.Collect$$rtexit$$00000002           0x08000228   Section        0  rtexit2.o(.ARM.Collect$$rtexit$$00000002)
    .ARM.Collect$$rtexit$$00000003           0x08000228   Section        4  rtexit2.o(.ARM.Collect$$rtexit$$00000003)
    .ARM.Collect$$rtexit$$00000004           0x0800022c   Section        6  rtexit2.o(.ARM.Collect$$rtexit$$00000004)
    .text                                    0x08000234   Section       64  startup_stm32f103xb.o(.text)
    .text                                    0x08000274   Section        0  vsprintf.o(.text)
    .text                                    0x08000298   Section       78  rt_memclr_w.o(.text)
    .text                                    0x080002e6   Section        0  heapauxi.o(.text)
    .text                                    0x080002ec   Section        0  _printf_pad.o(.text)
    .text                                    0x0800033a   Section        0  _printf_truncate.o(.text)
    .text                                    0x0800035e   Section        0  _printf_str.o(.text)
    .text                                    0x080003b0   Section        0  _printf_dec.o(.text)
    .text                                    0x08000428   Section        0  _printf_charcount.o(.text)
    _printf_input_char                       0x08000451   Thumb Code    10  _printf_char_common.o(.text)
    .text                                    0x08000450   Section        0  _printf_char_common.o(.text)
    .text                                    0x08000480   Section        0  _sputc.o(.text)
    .text                                    0x0800048c   Section        0  _printf_wctomb.o(.text)
    .text                                    0x08000548   Section        0  _printf_longlong_dec.o(.text)
    _printf_longlong_oct_internal            0x080005c5   Thumb Code     0  _printf_oct_int_ll.o(.text)
    .text                                    0x080005c4   Section        0  _printf_oct_int_ll.o(.text)
    _printf_hex_common                       0x08000635   Thumb Code     0  _printf_hex_int_ll_ptr.o(.text)
    .text                                    0x08000634   Section        0  _printf_hex_int_ll_ptr.o(.text)
    .text                                    0x080006c8   Section        0  __printf_flags_ss_wp.o(.text)
    .text                                    0x08000850   Section      138  lludiv10.o(.text)
    .text                                    0x080008da   Section        0  _printf_intcommon.o(.text)
    _fp_digits                               0x0800098d   Thumb Code   432  _printf_fp_dec.o(.text)
    .text                                    0x0800098c   Section        0  _printf_fp_dec.o(.text)
    .text                                    0x08000da8   Section        0  _printf_fp_hex.o(.text)
    .text                                    0x080010a4   Section        0  _printf_char.o(.text)
    .text                                    0x080010d0   Section        0  _printf_wchar.o(.text)
    .text                                    0x080010fc   Section        0  _c16rtomb.o(.text)
    .text                                    0x08001144   Section       74  sys_stackheap_outer.o(.text)
    .text                                    0x08001190   Section       16  rt_ctype_table.o(.text)
    .text                                    0x080011a0   Section        8  rt_locale_intlibspace.o(.text)
    .text                                    0x080011a8   Section        0  _printf_fp_infnan.o(.text)
    .text                                    0x08001228   Section        0  bigflt0.o(.text)
    .text                                    0x0800130c   Section        0  exit.o(.text)
    .text                                    0x08001320   Section        8  libspace.o(.text)
    .text                                    0x08001328   Section      128  strcmpv7m.o(.text)
    .text                                    0x080013a8   Section        0  sys_exit.o(.text)
    .text                                    0x080013b4   Section        2  use_no_semi.o(.text)
    .text                                    0x080013b6   Section        0  indicate_semi.o(.text)
    [Anonymous Symbol]                       0x080013b8   Section        0  bootloader.o(.text.BTL_EnFetchHostCmd)
    BTL_voidGetChipIdNumber                  0x08001545   Thumb Code   276  bootloader.o(.text.BTL_voidGetChipIdNumber)
    [Anonymous Symbol]                       0x08001544   Section        0  bootloader.o(.text.BTL_voidGetChipIdNumber)
    BTL_voidGetHelp                          0x08001659   Thumb Code   260  bootloader.o(.text.BTL_voidGetHelp)
    [Anonymous Symbol]                       0x08001658   Section        0  bootloader.o(.text.BTL_voidGetHelp)
    BTL_voidGetVersion                       0x0800175d   Thumb Code   242  bootloader.o(.text.BTL_voidGetVersion)
    [Anonymous Symbol]                       0x0800175c   Section        0  bootloader.o(.text.BTL_voidGetVersion)
    BTL_voidJumpToAddress                    0x08001851   Thumb Code   324  bootloader.o(.text.BTL_voidJumpToAddress)
    [Anonymous Symbol]                       0x08001850   Section        0  bootloader.o(.text.BTL_voidJumpToAddress)
    BTL_voidPrintDbgMsg                      0x080019d9   Thumb Code    64  bootloader.o(.text.BTL_voidPrintDbgMsg)
    [Anonymous Symbol]                       0x080019d8   Section        0  bootloader.o(.text.BTL_voidPrintDbgMsg)
    [Anonymous Symbol]                       0x08001a18   Section        0  stm32f1xx_it.o(.text.BusFault_Handler)
    [Anonymous Symbol]                       0x08001a1c   Section        0  stm32f1xx_it.o(.text.DebugMon_Handler)
    [Anonymous Symbol]                       0x08001a20   Section        0  main.o(.text.Error_Handler)
    [Anonymous Symbol]                       0x08001a2c   Section        0  stm32f1xx_hal_crc.o(.text.HAL_CRC_Accumulate)
    [Anonymous Symbol]                       0x08001aac   Section        0  stm32f1xx_hal_crc.o(.text.HAL_CRC_Init)
    [Anonymous Symbol]                       0x08001ad8   Section        0  crc.o(.text.HAL_CRC_MspInit)
    [Anonymous Symbol]                       0x08001b0c   Section        0  stm32f1xx_hal_gpio.o(.text.HAL_GPIO_Init)
    [Anonymous Symbol]                       0x08001d20   Section        0  stm32f1xx_hal.o(.text.HAL_GetTick)
    [Anonymous Symbol]                       0x08001d2c   Section        0  stm32f1xx_hal.o(.text.HAL_IncTick)
    [Anonymous Symbol]                       0x08001d48   Section        0  stm32f1xx_hal.o(.text.HAL_Init)
    [Anonymous Symbol]                       0x08001d70   Section        0  stm32f1xx_hal.o(.text.HAL_InitTick)
    [Anonymous Symbol]                       0x08001db8   Section        0  stm32f1xx_hal_msp.o(.text.HAL_MspInit)
    [Anonymous Symbol]                       0x08001dec   Section        0  stm32f1xx_hal_cortex.o(.text.HAL_NVIC_SetPriority)
    [Anonymous Symbol]                       0x08001e44   Section        0  stm32f1xx_hal_cortex.o(.text.HAL_NVIC_SetPriorityGrouping)
    [Anonymous Symbol]                       0x08001e64   Section        0  stm32f1xx_hal_rcc.o(.text.HAL_RCC_CSSCallback)
    [Anonymous Symbol]                       0x08001e68   Section        0  stm32f1xx_hal_rcc.o(.text.HAL_RCC_ClockConfig)
    [Anonymous Symbol]                       0x08002028   Section        0  stm32f1xx_hal_rcc.o(.text.HAL_RCC_DeInit)
    [Anonymous Symbol]                       0x08002114   Section        0  stm32f1xx_hal_rcc.o(.text.HAL_RCC_EnableCSS)
    [Anonymous Symbol]                       0x08002120   Section        0  stm32f1xx_hal_rcc.o(.text.HAL_RCC_GetPCLK1Freq)
    [Anonymous Symbol]                       0x08002148   Section        0  stm32f1xx_hal_rcc.o(.text.HAL_RCC_GetPCLK2Freq)
    [Anonymous Symbol]                       0x08002170   Section        0  stm32f1xx_hal_rcc.o(.text.HAL_RCC_NMI_IRQHandler)
    [Anonymous Symbol]                       0x0800218c   Section        0  stm32f1xx_hal_rcc.o(.text.HAL_RCC_OscConfig)
    [Anonymous Symbol]                       0x08002540   Section        0  stm32f1xx_hal_cortex.o(.text.HAL_SYSTICK_Config)
    [Anonymous Symbol]                       0x0800256c   Section        0  stm32f1xx_hal_uart.o(.text.HAL_UART_Init)
    [Anonymous Symbol]                       0x08002648   Section        0  usart.o(.text.HAL_UART_MspInit)
    [Anonymous Symbol]                       0x0800271c   Section        0  stm32f1xx_hal_uart.o(.text.HAL_UART_Receive)
    [Anonymous Symbol]                       0x0800285c   Section        0  stm32f1xx_hal_uart.o(.text.HAL_UART_Transmit)
    [Anonymous Symbol]                       0x08002a0c   Section        0  stm32f1xx_it.o(.text.HardFault_Handler)
    [Anonymous Symbol]                       0x08002a10   Section        0  crc.o(.text.MX_CRC_Init)
    [Anonymous Symbol]                       0x08002a38   Section        0  gpio.o(.text.MX_GPIO_Init)
    [Anonymous Symbol]                       0x08002a6c   Section        0  usart.o(.text.MX_USART1_UART_Init)
    [Anonymous Symbol]                       0x08002aa8   Section        0  usart.o(.text.MX_USART2_UART_Init)
    [Anonymous Symbol]                       0x08002ae4   Section        0  stm32f1xx_it.o(.text.MemManage_Handler)
    [Anonymous Symbol]                       0x08002ae8   Section        0  stm32f1xx_it.o(.text.NMI_Handler)
    [Anonymous Symbol]                       0x08002af0   Section        0  stm32f1xx_it.o(.text.PendSV_Handler)
    [Anonymous Symbol]                       0x08002af4   Section        0  stm32f1xx_it.o(.text.SVC_Handler)
    [Anonymous Symbol]                       0x08002af8   Section        0  stm32f1xx_it.o(.text.SysTick_Handler)
    [Anonymous Symbol]                       0x08002afc   Section        0  system_stm32f1xx.o(.text.SystemInit)
    [Anonymous Symbol]                       0x08002b00   Section        0  stm32f1xx_it.o(.text.UsageFault_Handler)
    [Anonymous Symbol]                       0x08002b04   Section        0  main.o(.text.main)
    CL$$btod_d2e                             0x08002b7e   Section       62  btod.o(CL$$btod_d2e)
    CL$$btod_d2e_denorm_low                  0x08002bbc   Section       70  btod.o(CL$$btod_d2e_denorm_low)
    CL$$btod_d2e_norm_op1                    0x08002c02   Section       96  btod.o(CL$$btod_d2e_norm_op1)
    CL$$btod_div_common                      0x08002c64   Section      824  btod.o(CL$$btod_div_common)
    CL$$btod_e2e                             0x08002f9c   Section      220  btod.o(CL$$btod_e2e)
    CL$$btod_ediv                            0x08003078   Section       42  btod.o(CL$$btod_ediv)
    CL$$btod_emul                            0x080030a2   Section       42  btod.o(CL$$btod_emul)
    CL$$btod_mult_common                     0x080030cc   Section      580  btod.o(CL$$btod_mult_common)
    i.__ARM_fpclassify                       0x08003310   Section        0  fpclassify.o(i.__ARM_fpclassify)
    i._is_digit                              0x08003338   Section        0  __printf_wp.o(i._is_digit)
    locale$$code                             0x08003348   Section       44  lc_numeric_c.o(locale$$code)
    locale$$code                             0x08003374   Section       44  lc_ctype_c.o(locale$$code)
    x$fpl$printf1                            0x080033a0   Section        4  printf1.o(x$fpl$printf1)
    x$fpl$printf2                            0x080033a4   Section        4  printf2.o(x$fpl$printf2)
    initial_mbstate                          0x080033a8   Data           8  _printf_wctomb.o(.constdata)
    .constdata                               0x080033a8   Section        8  _printf_wctomb.o(.constdata)
    x$fpl$usenofp                            0x080033a8   Section        0  usenofp.o(x$fpl$usenofp)
    uc_hextab                                0x080033b0   Data          20  _printf_hex_int_ll_ptr.o(.constdata)
    .constdata                               0x080033b0   Section       40  _printf_hex_int_ll_ptr.o(.constdata)
    lc_hextab                                0x080033c4   Data          20  _printf_hex_int_ll_ptr.o(.constdata)
    maptable                                 0x080033d8   Data          17  __printf_flags_ss_wp.o(.constdata)
    .constdata                               0x080033d8   Section       17  __printf_flags_ss_wp.o(.constdata)
    lc_hextab                                0x080033e9   Data          19  _printf_fp_hex.o(.constdata)
    .constdata                               0x080033e9   Section       38  _printf_fp_hex.o(.constdata)
    uc_hextab                                0x080033fc   Data          19  _printf_fp_hex.o(.constdata)
    tenpwrs_x                                0x08003410   Data          60  bigflt0.o(.constdata)
    .constdata                               0x08003410   Section      148  bigflt0.o(.constdata)
    tenpwrs_i                                0x0800344c   Data          64  bigflt0.o(.constdata)
    .L__const.HAL_RCC_GetSysClockFreq.aPredivFactorTable 0x080034a4   Data           2  stm32f1xx_hal_rcc.o(.rodata..L__const.HAL_RCC_GetSysClockFreq.aPredivFactorTable)
    .L__const.HAL_RCC_GetSysClockFreq.aPLLMULFactorTable 0x080034be   Data          16  stm32f1xx_hal_rcc.o(.rodata.cst16)
    .L.str.13                                0x080034ce   Data          42  bootloader.o(.rodata.str1.1)
    [Anonymous Symbol]                       0x080034ce   Section        0  bootloader.o(.rodata.str1.1)
    .L.str.4                                 0x080034f8   Data          19  bootloader.o(.rodata.str1.1)
    .L.str.7                                 0x0800350b   Data          23  bootloader.o(.rodata.str1.1)
    .L.str.8                                 0x08003522   Data          21  bootloader.o(.rodata.str1.1)
    .L.str.3                                 0x08003537   Data          20  bootloader.o(.rodata.str1.1)
    .L.str.6                                 0x0800354b   Data          22  bootloader.o(.rodata.str1.1)
    .L.str.2                                 0x08003561   Data          19  bootloader.o(.rodata.str1.1)
    .L.str.5                                 0x08003574   Data          26  bootloader.o(.rodata.str1.1)
    .L.str.1                                 0x0800358e   Data          32  bootloader.o(.rodata.str1.1)
    .L.str.14                                0x080035ae   Data          46  bootloader.o(.rodata.str1.1)
    .L.str.16                                0x080035dc   Data          43  bootloader.o(.rodata.str1.1)
    .L.str.15                                0x08003607   Data          53  bootloader.o(.rodata.str1.1)
    locale$$data                             0x0800365c   Section       28  lc_numeric_c.o(locale$$data)
    __lcnum_c_name                           0x08003660   Data           2  lc_numeric_c.o(locale$$data)
    __lcnum_c_start                          0x08003668   Data           0  lc_numeric_c.o(locale$$data)
    __lcnum_c_point                          0x08003674   Data           0  lc_numeric_c.o(locale$$data)
    __lcnum_c_thousands                      0x08003676   Data           0  lc_numeric_c.o(locale$$data)
    __lcnum_c_grouping                       0x08003677   Data           0  lc_numeric_c.o(locale$$data)
    __lcnum_c_end                            0x08003678   Data           0  lc_numeric_c.o(locale$$data)
    locale$$data                             0x08003678   Section      272  lc_ctype_c.o(locale$$data)
    __lcctype_c_name                         0x0800367c   Data           2  lc_ctype_c.o(locale$$data)
    __lcctype_c_start                        0x08003684   Data           0  lc_ctype_c.o(locale$$data)
    __lcctype_c_end                          0x08003788   Data           0  lc_ctype_c.o(locale$$data)
    .L_MergedGlobals                         0x20000000   Data           8  stm32f1xx_hal.o(.data..L_MergedGlobals)
    [Anonymous Symbol]                       0x20000000   Section        0  stm32f1xx_hal.o(.data..L_MergedGlobals)
    .bss                                     0x20000010   Section       96  libspace.o(.bss)
    G_u8BtlHostBuffer                        0x20000070   Data         200  bootloader.o(.bss.G_u8BtlHostBuffer)
    [Anonymous Symbol]                       0x20000070   Section        0  bootloader.o(.bss.G_u8BtlHostBuffer)
    Heap_Mem                                 0x200001d0   Data         512  startup_stm32f103xb.o(HEAP)
    HEAP                                     0x200001d0   Section      512  startup_stm32f103xb.o(HEAP)
    Stack_Mem                                0x200003d0   Data        1024  startup_stm32f103xb.o(STACK)
    STACK                                    0x200003d0   Section     1024  startup_stm32f103xb.o(STACK)
    __initial_sp                             0x200007d0   Data           0  startup_stm32f103xb.o(STACK)

    Global Symbols

    Symbol Name                              Value     Ov Type        Size  Object(Section)

    BuildAttributes$$THM_ISAv4$P$D$K$B$S$PE$A:L22UL41UL21$X:L11$S22US41US21$IEEE1$IW$~IW$USESV6$~STKCKD$USESV7$~SHL$OTIME$ROPI$IEEEJ$EBA8$UX$STANDARDLIB$REQ8$PRES8$EABIv2 0x00000000   Number         0  anon$$obj.o ABSOLUTE
    __fp_init_empty                          0x00000000   Number         0  fpinit_empty.o ABSOLUTE
    _printf_flags                            0x00000000   Number         0  printf_stubs.o ABSOLUTE
    _printf_return_value                     0x00000000   Number         0  printf_stubs.o ABSOLUTE
    _printf_sizespec                         0x00000000   Number         0  printf_stubs.o ABSOLUTE
    _printf_widthprec                        0x00000000   Number         0  printf_stubs.o ABSOLUTE
    __ARM_exceptions_init                     - Undefined Weak Reference
    __alloca_initialize                       - Undefined Weak Reference
    __arm_preinit_                            - Undefined Weak Reference
    __arm_relocate_pie_                       - Undefined Weak Reference
    __cpp_initialize__aeabi_                  - Undefined Weak Reference
    __cxa_finalize                            - Undefined Weak Reference
    __sigvec_lookup                           - Undefined Weak Reference
    _atexit_init                              - Undefined Weak Reference
    _call_atexit_fns                          - Undefined Weak Reference
    _clock_init                               - Undefined Weak Reference
    _fp_trap_init                             - Undefined Weak Reference
    _fp_trap_shutdown                         - Undefined Weak Reference
    _get_lc_collate                           - Undefined Weak Reference
    _get_lc_monetary                          - Undefined Weak Reference
    _get_lc_time                              - Undefined Weak Reference
    _getenv_init                              - Undefined Weak Reference
    _handle_redirection                       - Undefined Weak Reference
    _init_alloc                               - Undefined Weak Reference
    _init_user_alloc                          - Undefined Weak Reference
    _initio                                   - Undefined Weak Reference
    _printf_mbtowc                            - Undefined Weak Reference
    _printf_wc                                - Undefined Weak Reference
    _rand_init                                - Undefined Weak Reference
    _signal_finish                            - Undefined Weak Reference
    _signal_init                              - Undefined Weak Reference
    _terminate_alloc                          - Undefined Weak Reference
    _terminate_user_alloc                     - Undefined Weak Reference
    _terminateio                              - Undefined Weak Reference
    __Vectors_Size                           0x000000ec   Number         0  startup_stm32f103xb.o ABSOLUTE
    __Vectors                                0x08000000   Data           4  startup_stm32f103xb.o(RESET)
    __Vectors_End                            0x080000ec   Data           0  startup_stm32f103xb.o(RESET)
    __main                                   0x080000ed   Thumb Code     8  __main.o(!!!main)
    __scatterload                            0x080000f5   Thumb Code     0  __scatter.o(!!!scatter)
    __scatterload_rt2                        0x080000f5   Thumb Code    44  __scatter.o(!!!scatter)
    __scatterload_rt2_thumb_only             0x080000f5   Thumb Code     0  __scatter.o(!!!scatter)
    __scatterload_null                       0x08000103   Thumb Code     0  __scatter.o(!!!scatter)
    __scatterload_copy                       0x08000129   Thumb Code    26  __scatter_copy.o(!!handler_copy)
    __scatterload_zeroinit                   0x08000145   Thumb Code    28  __scatter_zi.o(!!handler_zi)
    _printf_n                                0x08000161   Thumb Code     0  _printf_n.o(.ARM.Collect$$_printf_percent$$00000001)
    _printf_percent                          0x08000161   Thumb Code     0  _printf_percent.o(.ARM.Collect$$_printf_percent$$00000000)
    _printf_p                                0x08000167   Thumb Code     0  _printf_p.o(.ARM.Collect$$_printf_percent$$00000002)
    _printf_f                                0x0800016d   Thumb Code     0  _printf_f.o(.ARM.Collect$$_printf_percent$$00000003)
    _printf_e                                0x08000173   Thumb Code     0  _printf_e.o(.ARM.Collect$$_printf_percent$$00000004)
    _printf_g                                0x08000179   Thumb Code     0  _printf_g.o(.ARM.Collect$$_printf_percent$$00000005)
    _printf_a                                0x0800017f   Thumb Code     0  _printf_a.o(.ARM.Collect$$_printf_percent$$00000006)
    _printf_ll                               0x08000185   Thumb Code     0  _printf_ll.o(.ARM.Collect$$_printf_percent$$00000007)
    _printf_i                                0x0800018f   Thumb Code     0  _printf_i.o(.ARM.Collect$$_printf_percent$$00000008)
    _printf_d                                0x08000195   Thumb Code     0  _printf_d.o(.ARM.Collect$$_printf_percent$$00000009)
    _printf_u                                0x0800019b   Thumb Code     0  _printf_u.o(.ARM.Collect$$_printf_percent$$0000000A)
    _printf_o                                0x080001a1   Thumb Code     0  _printf_o.o(.ARM.Collect$$_printf_percent$$0000000B)
    _printf_x                                0x080001a7   Thumb Code     0  _printf_x.o(.ARM.Collect$$_printf_percent$$0000000C)
    _printf_lli                              0x080001ad   Thumb Code     0  _printf_lli.o(.ARM.Collect$$_printf_percent$$0000000D)
    _printf_lld                              0x080001b3   Thumb Code     0  _printf_lld.o(.ARM.Collect$$_printf_percent$$0000000E)
    _printf_llu                              0x080001b9   Thumb Code     0  _printf_llu.o(.ARM.Collect$$_printf_percent$$0000000F)
    _printf_llo                              0x080001bf   Thumb Code     0  _printf_llo.o(.ARM.Collect$$_printf_percent$$00000010)
    _printf_llx                              0x080001c5   Thumb Code     0  _printf_llx.o(.ARM.Collect$$_printf_percent$$00000011)
    _printf_l                                0x080001cb   Thumb Code     0  _printf_l.o(.ARM.Collect$$_printf_percent$$00000012)
    _printf_c                                0x080001d5   Thumb Code     0  _printf_c.o(.ARM.Collect$$_printf_percent$$00000013)
    _printf_s                                0x080001db   Thumb Code     0  _printf_s.o(.ARM.Collect$$_printf_percent$$00000014)
    _printf_lc                               0x080001e1   Thumb Code     0  _printf_lc.o(.ARM.Collect$$_printf_percent$$00000015)
    _printf_ls                               0x080001e7   Thumb Code     0  _printf_ls.o(.ARM.Collect$$_printf_percent$$00000016)
    _printf_percent_end                      0x080001ed   Thumb Code     0  _printf_percent_end.o(.ARM.Collect$$_printf_percent$$00000017)
    __rt_lib_init                            0x080001f1   Thumb Code     0  libinit.o(.ARM.Collect$$libinit$$00000000)
    __rt_lib_init_fp_1                       0x080001f3   Thumb Code     0  libinit2.o(.ARM.Collect$$libinit$$00000002)
    __rt_lib_init_heap_1                     0x080001f3   Thumb Code     0  libinit2.o(.ARM.Collect$$libinit$$0000000C)
    __rt_lib_init_lc_common                  0x080001f3   Thumb Code     0  libinit2.o(.ARM.Collect$$libinit$$00000011)
    __rt_lib_init_preinit_1                  0x080001f3   Thumb Code     0  libinit2.o(.ARM.Collect$$libinit$$00000006)
    __rt_lib_init_rand_1                     0x080001f3   Thumb Code     0  libinit2.o(.ARM.Collect$$libinit$$00000010)
    __rt_lib_init_relocate_pie_1             0x080001f3   Thumb Code     0  libinit2.o(.ARM.Collect$$libinit$$00000004)
    __rt_lib_init_user_alloc_1               0x080001f3   Thumb Code     0  libinit2.o(.ARM.Collect$$libinit$$0000000E)
    __rt_lib_init_lc_collate_1               0x080001f9   Thumb Code     0  libinit2.o(.ARM.Collect$$libinit$$00000013)
    __rt_lib_init_lc_ctype_2                 0x080001f9   Thumb Code     0  libinit2.o(.ARM.Collect$$libinit$$00000014)
    __rt_lib_init_lc_ctype_1                 0x08000205   Thumb Code     0  libinit2.o(.ARM.Collect$$libinit$$00000015)
    __rt_lib_init_lc_monetary_1              0x08000205   Thumb Code     0  libinit2.o(.ARM.Collect$$libinit$$00000017)
    __rt_lib_init_lc_numeric_2               0x08000205   Thumb Code     0  libinit2.o(.ARM.Collect$$libinit$$00000018)
    __rt_lib_init_alloca_1                   0x0800020f   Thumb Code     0  libinit2.o(.ARM.Collect$$libinit$$00000030)
    __rt_lib_init_argv_1                     0x0800020f   Thumb Code     0  libinit2.o(.ARM.Collect$$libinit$$0000002E)
    __rt_lib_init_atexit_1                   0x0800020f   Thumb Code     0  libinit2.o(.ARM.Collect$$libinit$$0000001D)
    __rt_lib_init_clock_1                    0x0800020f   Thumb Code     0  libinit2.o(.ARM.Collect$$libinit$$00000023)
    __rt_lib_init_cpp_1                      0x0800020f   Thumb Code     0  libinit2.o(.ARM.Collect$$libinit$$00000034)
    __rt_lib_init_exceptions_1               0x0800020f   Thumb Code     0  libinit2.o(.ARM.Collect$$libinit$$00000032)
    __rt_lib_init_fp_trap_1                  0x0800020f   Thumb Code     0  libinit2.o(.ARM.Collect$$libinit$$00000021)
    __rt_lib_init_getenv_1                   0x0800020f   Thumb Code     0  libinit2.o(.ARM.Collect$$libinit$$00000025)
    __rt_lib_init_lc_numeric_1               0x0800020f   Thumb Code     0  libinit2.o(.ARM.Collect$$libinit$$00000019)
    __rt_lib_init_lc_time_1                  0x0800020f   Thumb Code     0  libinit2.o(.ARM.Collect$$libinit$$0000001B)
    __rt_lib_init_return                     0x0800020f   Thumb Code     0  libinit2.o(.ARM.Collect$$libinit$$00000035)
    __rt_lib_init_signal_1                   0x0800020f   Thumb Code     0  libinit2.o(.ARM.Collect$$libinit$$0000001F)
    __rt_lib_init_stdio_1                    0x0800020f   Thumb Code     0  libinit2.o(.ARM.Collect$$libinit$$00000027)
    __rt_lib_shutdown                        0x08000211   Thumb Code     0  libshutdown.o(.ARM.Collect$$libshutdown$$00000000)
    __rt_lib_shutdown_cpp_1                  0x08000213   Thumb Code     0  libshutdown2.o(.ARM.Collect$$libshutdown$$00000002)
    __rt_lib_shutdown_fp_trap_1              0x08000213   Thumb Code     0  libshutdown2.o(.ARM.Collect$$libshutdown$$00000007)
    __rt_lib_shutdown_heap_1                 0x08000213   Thumb Code     0  libshutdown2.o(.ARM.Collect$$libshutdown$$0000000F)
    __rt_lib_shutdown_return                 0x08000213   Thumb Code     0  libshutdown2.o(.ARM.Collect$$libshutdown$$00000010)
    __rt_lib_shutdown_signal_1               0x08000213   Thumb Code     0  libshutdown2.o(.ARM.Collect$$libshutdown$$0000000A)
    __rt_lib_shutdown_stdio_1                0x08000213   Thumb Code     0  libshutdown2.o(.ARM.Collect$$libshutdown$$00000004)
    __rt_lib_shutdown_user_alloc_1           0x08000213   Thumb Code     0  libshutdown2.o(.ARM.Collect$$libshutdown$$0000000C)
    __rt_entry                               0x08000215   Thumb Code     0  __rtentry.o(.ARM.Collect$$rtentry$$00000000)
    __rt_entry_presh_1                       0x08000215   Thumb Code     0  __rtentry2.o(.ARM.Collect$$rtentry$$00000002)
    __rt_entry_sh                            0x08000215   Thumb Code     0  __rtentry4.o(.ARM.Collect$$rtentry$$00000004)
    __rt_entry_li                            0x0800021b   Thumb Code     0  __rtentry2.o(.ARM.Collect$$rtentry$$0000000A)
    __rt_entry_postsh_1                      0x0800021b   Thumb Code     0  __rtentry2.o(.ARM.Collect$$rtentry$$00000009)
    __rt_entry_main                          0x0800021f   Thumb Code     0  __rtentry2.o(.ARM.Collect$$rtentry$$0000000D)
    __rt_entry_postli_1                      0x0800021f   Thumb Code     0  __rtentry2.o(.ARM.Collect$$rtentry$$0000000C)
    __rt_exit                                0x08000227   Thumb Code     0  rtexit.o(.ARM.Collect$$rtexit$$00000000)
    __rt_exit_ls                             0x08000229   Thumb Code     0  rtexit2.o(.ARM.Collect$$rtexit$$00000003)
    __rt_exit_prels_1                        0x08000229   Thumb Code     0  rtexit2.o(.ARM.Collect$$rtexit$$00000002)
    __rt_exit_exit                           0x0800022d   Thumb Code     0  rtexit2.o(.ARM.Collect$$rtexit$$00000004)
    Reset_Handler                            0x08000235   Thumb Code     8  startup_stm32f103xb.o(.text)
    ADC1_2_IRQHandler                        0x0800024f   Thumb Code     0  startup_stm32f103xb.o(.text)
    CAN1_RX1_IRQHandler                      0x0800024f   Thumb Code     0  startup_stm32f103xb.o(.text)
    CAN1_SCE_IRQHandler                      0x0800024f   Thumb Code     0  startup_stm32f103xb.o(.text)
    DMA1_Channel1_IRQHandler                 0x0800024f   Thumb Code     0  startup_stm32f103xb.o(.text)
    DMA1_Channel2_IRQHandler                 0x0800024f   Thumb Code     0  startup_stm32f103xb.o(.text)
    DMA1_Channel3_IRQHandler                 0x0800024f   Thumb Code     0  startup_stm32f103xb.o(.text)
    DMA1_Channel4_IRQHandler                 0x0800024f   Thumb Code     0  startup_stm32f103xb.o(.text)
    DMA1_Channel5_IRQHandler                 0x0800024f   Thumb Code     0  startup_stm32f103xb.o(.text)
    DMA1_Channel6_IRQHandler                 0x0800024f   Thumb Code     0  startup_stm32f103xb.o(.text)
    DMA1_Channel7_IRQHandler                 0x0800024f   Thumb Code     0  startup_stm32f103xb.o(.text)
    EXTI0_IRQHandler                         0x0800024f   Thumb Code     0  startup_stm32f103xb.o(.text)
    EXTI15_10_IRQHandler                     0x0800024f   Thumb Code     0  startup_stm32f103xb.o(.text)
    EXTI1_IRQHandler                         0x0800024f   Thumb Code     0  startup_stm32f103xb.o(.text)
    EXTI2_IRQHandler                         0x0800024f   Thumb Code     0  startup_stm32f103xb.o(.text)
    EXTI3_IRQHandler                         0x0800024f   Thumb Code     0  startup_stm32f103xb.o(.text)
    EXTI4_IRQHandler                         0x0800024f   Thumb Code     0  startup_stm32f103xb.o(.text)
    EXTI9_5_IRQHandler                       0x0800024f   Thumb Code     0  startup_stm32f103xb.o(.text)
    FLASH_IRQHandler                         0x0800024f   Thumb Code     0  startup_stm32f103xb.o(.text)
    I2C1_ER_IRQHandler                       0x0800024f   Thumb Code     0  startup_stm32f103xb.o(.text)
    I2C1_EV_IRQHandler                       0x0800024f   Thumb Code     0  startup_stm32f103xb.o(.text)
    I2C2_ER_IRQHandler                       0x0800024f   Thumb Code     0  startup_stm32f103xb.o(.text)
    I2C2_EV_IRQHandler                       0x0800024f   Thumb Code     0  startup_stm32f103xb.o(.text)
    PVD_IRQHandler                           0x0800024f   Thumb Code     0  startup_stm32f103xb.o(.text)
    RCC_IRQHandler                           0x0800024f   Thumb Code     0  startup_stm32f103xb.o(.text)
    RTC_Alarm_IRQHandler                     0x0800024f   Thumb Code     0  startup_stm32f103xb.o(.text)
    RTC_IRQHandler                           0x0800024f   Thumb Code     0  startup_stm32f103xb.o(.text)
    SPI1_IRQHandler                          0x0800024f   Thumb Code     0  startup_stm32f103xb.o(.text)
    SPI2_IRQHandler                          0x0800024f   Thumb Code     0  startup_stm32f103xb.o(.text)
    TAMPER_IRQHandler                        0x0800024f   Thumb Code     0  startup_stm32f103xb.o(.text)
    TIM1_BRK_IRQHandler                      0x0800024f   Thumb Code     0  startup_stm32f103xb.o(.text)
    TIM1_CC_IRQHandler                       0x0800024f   Thumb Code     0  startup_stm32f103xb.o(.text)
    TIM1_TRG_COM_IRQHandler                  0x0800024f   Thumb Code     0  startup_stm32f103xb.o(.text)
    TIM1_UP_IRQHandler                       0x0800024f   Thumb Code     0  startup_stm32f103xb.o(.text)
    TIM2_IRQHandler                          0x0800024f   Thumb Code     0  startup_stm32f103xb.o(.text)
    TIM3_IRQHandler                          0x0800024f   Thumb Code     0  startup_stm32f103xb.o(.text)
    TIM4_IRQHandler                          0x0800024f   Thumb Code     0  startup_stm32f103xb.o(.text)
    USART1_IRQHandler                        0x0800024f   Thumb Code     0  startup_stm32f103xb.o(.text)
    USART2_IRQHandler                        0x0800024f   Thumb Code     0  startup_stm32f103xb.o(.text)
    USART3_IRQHandler                        0x0800024f   Thumb Code     0  startup_stm32f103xb.o(.text)
    USBWakeUp_IRQHandler                     0x0800024f   Thumb Code     0  startup_stm32f103xb.o(.text)
    USB_HP_CAN1_TX_IRQHandler                0x0800024f   Thumb Code     0  startup_stm32f103xb.o(.text)
    USB_LP_CAN1_RX0_IRQHandler               0x0800024f   Thumb Code     0  startup_stm32f103xb.o(.text)
    WWDG_IRQHandler                          0x0800024f   Thumb Code     0  startup_stm32f103xb.o(.text)
    __user_initial_stackheap                 0x08000251   Thumb Code     0  startup_stm32f103xb.o(.text)
    vsprintf                                 0x08000275   Thumb Code    32  vsprintf.o(.text)
    __aeabi_memclr4                          0x08000299   Thumb Code     0  rt_memclr_w.o(.text)
    __aeabi_memclr8                          0x08000299   Thumb Code     0  rt_memclr_w.o(.text)
    __rt_memclr_w                            0x08000299   Thumb Code     0  rt_memclr_w.o(.text)
    _memset_w                                0x0800029d   Thumb Code    74  rt_memclr_w.o(.text)
    __use_two_region_memory                  0x080002e7   Thumb Code     2  heapauxi.o(.text)
    __rt_heap_escrow$2region                 0x080002e9   Thumb Code     2  heapauxi.o(.text)
    __rt_heap_expand$2region                 0x080002eb   Thumb Code     2  heapauxi.o(.text)
    _printf_pre_padding                      0x080002ed   Thumb Code    44  _printf_pad.o(.text)
    _printf_post_padding                     0x08000319   Thumb Code    34  _printf_pad.o(.text)
    _printf_truncate_signed                  0x0800033b   Thumb Code    18  _printf_truncate.o(.text)
    _printf_truncate_unsigned                0x0800034d   Thumb Code    18  _printf_truncate.o(.text)
    _printf_str                              0x0800035f   Thumb Code    82  _printf_str.o(.text)
    _printf_int_dec                          0x080003b1   Thumb Code   104  _printf_dec.o(.text)
    _printf_charcount                        0x08000429   Thumb Code    40  _printf_charcount.o(.text)
    _printf_char_common                      0x0800045b   Thumb Code    32  _printf_char_common.o(.text)
    _sputc                                   0x08000481   Thumb Code    10  _sputc.o(.text)
    _printf_wctomb                           0x0800048d   Thumb Code   182  _printf_wctomb.o(.text)
    _printf_longlong_dec                     0x08000549   Thumb Code   108  _printf_longlong_dec.o(.text)
    _printf_longlong_oct                     0x080005c5   Thumb Code    68  _printf_oct_int_ll.o(.text)
    _printf_int_oct                          0x08000609   Thumb Code    24  _printf_oct_int_ll.o(.text)
    _printf_ll_oct                           0x08000621   Thumb Code    12  _printf_oct_int_ll.o(.text)
    _printf_longlong_hex                     0x08000635   Thumb Code    86  _printf_hex_int_ll_ptr.o(.text)
    _printf_int_hex                          0x0800068b   Thumb Code    28  _printf_hex_int_ll_ptr.o(.text)
    _printf_ll_hex                           0x080006a7   Thumb Code    12  _printf_hex_int_ll_ptr.o(.text)
    _printf_hex_ptr                          0x080006b3   Thumb Code    18  _printf_hex_int_ll_ptr.o(.text)
    __printf                                 0x080006c9   Thumb Code   388  __printf_flags_ss_wp.o(.text)
    _ll_udiv10                               0x08000851   Thumb Code   138  lludiv10.o(.text)
    _printf_int_common                       0x080008db   Thumb Code   178  _printf_intcommon.o(.text)
    _printf_fp_dec_real                      0x08000b3d   Thumb Code   620  _printf_fp_dec.o(.text)
    _printf_fp_hex_real                      0x08000da9   Thumb Code   756  _printf_fp_hex.o(.text)
    _printf_cs_common                        0x080010a5   Thumb Code    20  _printf_char.o(.text)
    _printf_char                             0x080010b9   Thumb Code    16  _printf_char.o(.text)
    _printf_string                           0x080010c9   Thumb Code     8  _printf_char.o(.text)
    _printf_lcs_common                       0x080010d1   Thumb Code    20  _printf_wchar.o(.text)
    _printf_wchar                            0x080010e5   Thumb Code    16  _printf_wchar.o(.text)
    _printf_wstring                          0x080010f5   Thumb Code     8  _printf_wchar.o(.text)
    _c16rtomb                                0x080010fd   Thumb Code    72  _c16rtomb.o(.text)
    _wcrtomb                                 0x080010fd   Thumb Code     0  _c16rtomb.o(.text)
    __user_setup_stackheap                   0x08001145   Thumb Code    74  sys_stackheap_outer.o(.text)
    __rt_ctype_table                         0x08001191   Thumb Code    16  rt_ctype_table.o(.text)
    __rt_locale                              0x080011a1   Thumb Code     8  rt_locale_intlibspace.o(.text)
    _printf_fp_infnan                        0x080011a9   Thumb Code   112  _printf_fp_infnan.o(.text)
    _btod_etento                             0x08001229   Thumb Code   224  bigflt0.o(.text)
    exit                                     0x0800130d   Thumb Code    18  exit.o(.text)
    __user_libspace                          0x08001321   Thumb Code     8  libspace.o(.text)
    __user_perproc_libspace                  0x08001321   Thumb Code     0  libspace.o(.text)
    __user_perthread_libspace                0x08001321   Thumb Code     0  libspace.o(.text)
    strcmp                                   0x08001329   Thumb Code   128  strcmpv7m.o(.text)
    _sys_exit                                0x080013a9   Thumb Code     8  sys_exit.o(.text)
    __I$use$semihosting                      0x080013b5   Thumb Code     0  use_no_semi.o(.text)
    __use_no_semihosting_swi                 0x080013b5   Thumb Code     2  use_no_semi.o(.text)
    __semihosting_library_function           0x080013b7   Thumb Code     0  indicate_semi.o(.text)
    BTL_EnFetchHostCmd                       0x080013b9   Thumb Code   264  bootloader.o(.text.BTL_EnFetchHostCmd)
    BusFault_Handler                         0x08001a19   Thumb Code     2  stm32f1xx_it.o(.text.BusFault_Handler)
    DebugMon_Handler                         0x08001a1d   Thumb Code     2  stm32f1xx_it.o(.text.DebugMon_Handler)
    Error_Handler                            0x08001a21   Thumb Code    10  main.o(.text.Error_Handler)
    HAL_CRC_Accumulate                       0x08001a2d   Thumb Code   128  stm32f1xx_hal_crc.o(.text.HAL_CRC_Accumulate)
    HAL_CRC_Init                             0x08001aad   Thumb Code    42  stm32f1xx_hal_crc.o(.text.HAL_CRC_Init)
    HAL_CRC_MspInit                          0x08001ad9   Thumb Code    50  crc.o(.text.HAL_CRC_MspInit)
    HAL_GPIO_Init                            0x08001b0d   Thumb Code   530  stm32f1xx_hal_gpio.o(.text.HAL_GPIO_Init)
    HAL_GetTick                              0x08001d21   Thumb Code    12  stm32f1xx_hal.o(.text.HAL_GetTick)
    HAL_IncTick                              0x08001d2d   Thumb Code    26  stm32f1xx_hal.o(.text.HAL_IncTick)
    HAL_Init                                 0x08001d49   Thumb Code    38  stm32f1xx_hal.o(.text.HAL_Init)
    HAL_InitTick                             0x08001d71   Thumb Code    72  stm32f1xx_hal.o(.text.HAL_InitTick)
    HAL_MspInit                              0x08001db9   Thumb Code    50  stm32f1xx_hal_msp.o(.text.HAL_MspInit)
    HAL_NVIC_SetPriority                     0x08001ded   Thumb Code    86  stm32f1xx_hal_cortex.o(.text.HAL_NVIC_SetPriority)
    HAL_NVIC_SetPriorityGrouping             0x08001e45   Thumb Code    32  stm32f1xx_hal_cortex.o(.text.HAL_NVIC_SetPriorityGrouping)
    HAL_RCC_CSSCallback                      0x08001e65   Thumb Code     2  stm32f1xx_hal_rcc.o(.text.HAL_RCC_CSSCallback)
    HAL_RCC_ClockConfig                      0x08001e69   Thumb Code   446  stm32f1xx_hal_rcc.o(.text.HAL_RCC_ClockConfig)
    HAL_RCC_DeInit                           0x08002029   Thumb Code   234  stm32f1xx_hal_rcc.o(.text.HAL_RCC_DeInit)
    HAL_RCC_EnableCSS                        0x08002115   Thumb Code    12  stm32f1xx_hal_rcc.o(.text.HAL_RCC_EnableCSS)
    HAL_RCC_GetPCLK1Freq                     0x08002121   Thumb Code    38  stm32f1xx_hal_rcc.o(.text.HAL_RCC_GetPCLK1Freq)
    HAL_RCC_GetPCLK2Freq                     0x08002149   Thumb Code    38  stm32f1xx_hal_rcc.o(.text.HAL_RCC_GetPCLK2Freq)
    HAL_RCC_NMI_IRQHandler                   0x08002171   Thumb Code    28  stm32f1xx_hal_rcc.o(.text.HAL_RCC_NMI_IRQHandler)
    HAL_RCC_OscConfig                        0x0800218d   Thumb Code   948  stm32f1xx_hal_rcc.o(.text.HAL_RCC_OscConfig)
    HAL_SYSTICK_Config                       0x08002541   Thumb Code    44  stm32f1xx_hal_cortex.o(.text.HAL_SYSTICK_Config)
    HAL_UART_Init                            0x0800256d   Thumb Code   220  stm32f1xx_hal_uart.o(.text.HAL_UART_Init)
    HAL_UART_MspInit                         0x08002649   Thumb Code   210  usart.o(.text.HAL_UART_MspInit)
    HAL_UART_Receive                         0x0800271d   Thumb Code   318  stm32f1xx_hal_uart.o(.text.HAL_UART_Receive)
    HAL_UART_Transmit                        0x0800285d   Thumb Code   432  stm32f1xx_hal_uart.o(.text.HAL_UART_Transmit)
    HardFault_Handler                        0x08002a0d   Thumb Code     2  stm32f1xx_it.o(.text.HardFault_Handler)
    MX_CRC_Init                              0x08002a11   Thumb Code    38  crc.o(.text.MX_CRC_Init)
    MX_GPIO_Init                             0x08002a39   Thumb Code    50  gpio.o(.text.MX_GPIO_Init)
    MX_USART1_UART_Init                      0x08002a6d   Thumb Code    60  usart.o(.text.MX_USART1_UART_Init)
    MX_USART2_UART_Init                      0x08002aa9   Thumb Code    60  usart.o(.text.MX_USART2_UART_Init)
    MemManage_Handler                        0x08002ae5   Thumb Code     2  stm32f1xx_it.o(.text.MemManage_Handler)
    NMI_Handler                              0x08002ae9   Thumb Code     6  stm32f1xx_it.o(.text.NMI_Handler)
    PendSV_Handler                           0x08002af1   Thumb Code     2  stm32f1xx_it.o(.text.PendSV_Handler)
    SVC_Handler                              0x08002af5   Thumb Code     2  stm32f1xx_it.o(.text.SVC_Handler)
    SysTick_Handler                          0x08002af9   Thumb Code     4  stm32f1xx_it.o(.text.SysTick_Handler)
    SystemInit                               0x08002afd   Thumb Code     2  system_stm32f1xx.o(.text.SystemInit)
    UsageFault_Handler                       0x08002b01   Thumb Code     2  stm32f1xx_it.o(.text.UsageFault_Handler)
    main                                     0x08002b05   Thumb Code   122  main.o(.text.main)
    _btod_d2e                                0x08002b7f   Thumb Code    62  btod.o(CL$$btod_d2e)
    _d2e_denorm_low                          0x08002bbd   Thumb Code    70  btod.o(CL$$btod_d2e_denorm_low)
    _d2e_norm_op1                            0x08002c03   Thumb Code    96  btod.o(CL$$btod_d2e_norm_op1)
    __btod_div_common                        0x08002c65   Thumb Code   696  btod.o(CL$$btod_div_common)
    _e2e                                     0x08002f9d   Thumb Code   220  btod.o(CL$$btod_e2e)
    _btod_ediv                               0x08003079   Thumb Code    42  btod.o(CL$$btod_ediv)
    _btod_emul                               0x080030a3   Thumb Code    42  btod.o(CL$$btod_emul)
    __btod_mult_common                       0x080030cd   Thumb Code   580  btod.o(CL$$btod_mult_common)
    __ARM_fpclassify                         0x08003311   Thumb Code    40  fpclassify.o(i.__ARM_fpclassify)
    _is_digit                                0x08003339   Thumb Code    14  __printf_wp.o(i._is_digit)
    _get_lc_numeric                          0x08003349   Thumb Code    44  lc_numeric_c.o(locale$$code)
    _get_lc_ctype                            0x08003375   Thumb Code    44  lc_ctype_c.o(locale$$code)
    _printf_fp_dec                           0x080033a1   Thumb Code     4  printf1.o(x$fpl$printf1)
    _printf_fp_hex                           0x080033a5   Thumb Code     4  printf2.o(x$fpl$printf2)
    __I$use$fp                               0x080033a8   Number         0  usenofp.o(x$fpl$usenofp)
    AHBPrescTable                            0x080034a6   Data          16  system_stm32f1xx.o(.rodata.AHBPrescTable)
    APBPrescTable                            0x080034b6   Data           8  system_stm32f1xx.o(.rodata.APBPrescTable)
    Region$$Table$$Base                      0x0800363c   Number         0  anon$$obj.o(Region$$Table)
    Region$$Table$$Limit                     0x0800365c   Number         0  anon$$obj.o(Region$$Table)
    __ctype                                  0x08003685   Data           0  lc_ctype_c.o(locale$$data)
    uwTickFreq                               0x20000000   Data           1  stm32f1xx_hal.o(.data..L_MergedGlobals)
    uwTickPrio                               0x20000004   Data           4  stm32f1xx_hal.o(.data..L_MergedGlobals)
    SystemCoreClock                          0x20000008   Data           4  system_stm32f1xx.o(.data.SystemCoreClock)
    __libspace_start                         0x20000010   Data          96  libspace.o(.bss)
    __temporary_stack_top$libspace           0x20000070   Data           0  libspace.o(.bss)
    hcrc                                     0x20000138   Data           8  crc.o(.bss.hcrc)
    huart1                                   0x20000140   Data          68  usart.o(.bss.huart1)
    huart2                                   0x20000184   Data          68  usart.o(.bss.huart2)
    uwTick                                   0x200001c8   Data           4  stm32f1xx_hal.o(.bss.uwTick)



==============================================================================

Memory Map of the image

  Image Entry point : 0x080000ed

  Load Region LR_IROM1 (Base: 0x08000000, Size: 0x00003798, Max: 0x00003800, ABSOLUTE)

    Execution Region ER_IROM1 (Exec base: 0x08000000, Load base: 0x08000000, Size: 0x00003788, Max: 0x00003800, ABSOLUTE)

    Exec Addr    Load Addr    Size         Type   Attr      Idx    E Section Name        Object

    0x08000000   0x08000000   0x000000ec   Data   RO            3    RESET               startup_stm32f103xb.o
    0x080000ec   0x080000ec   0x00000008   Code   RO          633  * !!!main             c_w.l(__main.o)
    0x080000f4   0x080000f4   0x00000034   Code   RO          970    !!!scatter          c_w.l(__scatter.o)
    0x08000128   0x08000128   0x0000001a   Code   RO          972    !!handler_copy      c_w.l(__scatter_copy.o)
    0x08000142   0x08000142   0x00000002   PAD
    0x08000144   0x08000144   0x0000001c   Code   RO          974    !!handler_zi        c_w.l(__scatter_zi.o)
    0x08000160   0x08000160   0x00000000   Code   RO          717    .ARM.Collect$$_printf_percent$$00000000  c_w.l(_printf_percent.o)
    0x08000160   0x08000160   0x00000006   Code   RO          706    .ARM.Collect$$_printf_percent$$00000001  c_w.l(_printf_n.o)
    0x08000166   0x08000166   0x00000006   Code   RO          708    .ARM.Collect$$_printf_percent$$00000002  c_w.l(_printf_p.o)
    0x0800016c   0x0800016c   0x00000006   Code   RO          713    .ARM.Collect$$_printf_percent$$00000003  c_w.l(_printf_f.o)
    0x08000172   0x08000172   0x00000006   Code   RO          714    .ARM.Collect$$_printf_percent$$00000004  c_w.l(_printf_e.o)
    0x08000178   0x08000178   0x00000006   Code   RO          715    .ARM.Collect$$_printf_percent$$00000005  c_w.l(_printf_g.o)
    0x0800017e   0x0800017e   0x00000006   Code   RO          716    .ARM.Collect$$_printf_percent$$00000006  c_w.l(_printf_a.o)
    0x08000184   0x08000184   0x0000000a   Code   RO          721    .ARM.Collect$$_printf_percent$$00000007  c_w.l(_printf_ll.o)
    0x0800018e   0x0800018e   0x00000006   Code   RO          710    .ARM.Collect$$_printf_percent$$00000008  c_w.l(_printf_i.o)
    0x08000194   0x08000194   0x00000006   Code   RO          711    .ARM.Collect$$_printf_percent$$00000009  c_w.l(_printf_d.o)
    0x0800019a   0x0800019a   0x00000006   Code   RO          712    .ARM.Collect$$_printf_percent$$0000000A  c_w.l(_printf_u.o)
    0x080001a0   0x080001a0   0x00000006   Code   RO          709    .ARM.Collect$$_printf_percent$$0000000B  c_w.l(_printf_o.o)
    0x080001a6   0x080001a6   0x00000006   Code   RO          707    .ARM.Collect$$_printf_percent$$0000000C  c_w.l(_printf_x.o)
    0x080001ac   0x080001ac   0x00000006   Code   RO          718    .ARM.Collect$$_printf_percent$$0000000D  c_w.l(_printf_lli.o)
    0x080001b2   0x080001b2   0x00000006   Code   RO          719    .ARM.Collect$$_printf_percent$$0000000E  c_w.l(_printf_lld.o)
    0x080001b8   0x080001b8   0x00000006   Code   RO          720    .ARM.Collect$$_printf_percent$$0000000F  c_w.l(_printf_llu.o)
    0x080001be   0x080001be   0x00000006   Code   RO          725    .ARM.Collect$$_printf_percent$$00000010  c_w.l(_printf_llo.o)
    0x080001c4   0x080001c4   0x00000006   Code   RO          726    .ARM.Collect$$_printf_percent$$00000011  c_w.l(_printf_llx.o)
    0x080001ca   0x080001ca   0x0000000a   Code   RO          722    .ARM.Collect$$_printf_percent$$00000012  c_w.l(_printf_l.o)
    0x080001d4   0x080001d4   0x00000006   Code   RO          704    .ARM.Collect$$_printf_percent$$00000013  c_w.l(_printf_c.o)
    0x080001da   0x080001da   0x00000006   Code   RO          705    .ARM.Collect$$_printf_percent$$00000014  c_w.l(_printf_s.o)
    0x080001e0   0x080001e0   0x00000006   Code   RO          723    .ARM.Collect$$_printf_percent$$00000015  c_w.l(_printf_lc.o)
    0x080001e6   0x080001e6   0x00000006   Code   RO          724    .ARM.Collect$$_printf_percent$$00000016  c_w.l(_printf_ls.o)
    0x080001ec   0x080001ec   0x00000004   Code   RO          767    .ARM.Collect$$_printf_percent$$00000017  c_w.l(_printf_percent_end.o)
    0x080001f0   0x080001f0   0x00000002   Code   RO          818    .ARM.Collect$$libinit$$00000000  c_w.l(libinit.o)
    0x080001f2   0x080001f2   0x00000000   Code   RO          837    .ARM.Collect$$libinit$$00000002  c_w.l(libinit2.o)
    0x080001f2   0x080001f2   0x00000000   Code   RO          839    .ARM.Collect$$libinit$$00000004  c_w.l(libinit2.o)
    0x080001f2   0x080001f2   0x00000000   Code   RO          841    .ARM.Collect$$libinit$$00000006  c_w.l(libinit2.o)
    0x080001f2   0x080001f2   0x00000000   Code   RO          844    .ARM.Collect$$libinit$$0000000C  c_w.l(libinit2.o)
    0x080001f2   0x080001f2   0x00000000   Code   RO          846    .ARM.Collect$$libinit$$0000000E  c_w.l(libinit2.o)
    0x080001f2   0x080001f2   0x00000000   Code   RO          848    .ARM.Collect$$libinit$$00000010  c_w.l(libinit2.o)
    0x080001f2   0x080001f2   0x00000006   Code   RO          849    .ARM.Collect$$libinit$$00000011  c_w.l(libinit2.o)
    0x080001f8   0x080001f8   0x00000000   Code   RO          851    .ARM.Collect$$libinit$$00000013  c_w.l(libinit2.o)
    0x080001f8   0x080001f8   0x0000000c   Code   RO          852    .ARM.Collect$$libinit$$00000014  c_w.l(libinit2.o)
    0x08000204   0x08000204   0x00000000   Code   RO          853    .ARM.Collect$$libinit$$00000015  c_w.l(libinit2.o)
    0x08000204   0x08000204   0x00000000   Code   RO          855    .ARM.Collect$$libinit$$00000017  c_w.l(libinit2.o)
    0x08000204   0x08000204   0x0000000a   Code   RO          856    .ARM.Collect$$libinit$$00000018  c_w.l(libinit2.o)
    0x0800020e   0x0800020e   0x00000000   Code   RO          857    .ARM.Collect$$libinit$$00000019  c_w.l(libinit2.o)
    0x0800020e   0x0800020e   0x00000000   Code   RO          859    .ARM.Collect$$libinit$$0000001B  c_w.l(libinit2.o)
    0x0800020e   0x0800020e   0x00000000   Code   RO          861    .ARM.Collect$$libinit$$0000001D  c_w.l(libinit2.o)
    0x0800020e   0x0800020e   0x00000000   Code   RO          863    .ARM.Collect$$libinit$$0000001F  c_w.l(libinit2.o)
    0x0800020e   0x0800020e   0x00000000   Code   RO          865    .ARM.Collect$$libinit$$00000021  c_w.l(libinit2.o)
    0x0800020e   0x0800020e   0x00000000   Code   RO          867    .ARM.Collect$$libinit$$00000023  c_w.l(libinit2.o)
    0x0800020e   0x0800020e   0x00000000   Code   RO          869    .ARM.Collect$$libinit$$00000025  c_w.l(libinit2.o)
    0x0800020e   0x0800020e   0x00000000   Code   RO          871    .ARM.Collect$$libinit$$00000027  c_w.l(libinit2.o)
    0x0800020e   0x0800020e   0x00000000   Code   RO          875    .ARM.Collect$$libinit$$0000002E  c_w.l(libinit2.o)
    0x0800020e   0x0800020e   0x00000000   Code   RO          877    .ARM.Collect$$libinit$$00000030  c_w.l(libinit2.o)
    0x0800020e   0x0800020e   0x00000000   Code   RO          879    .ARM.Collect$$libinit$$00000032  c_w.l(libinit2.o)
    0x0800020e   0x0800020e   0x00000000   Code   RO          881    .ARM.Collect$$libinit$$00000034  c_w.l(libinit2.o)
    0x0800020e   0x0800020e   0x00000002   Code   RO          882    .ARM.Collect$$libinit$$00000035  c_w.l(libinit2.o)
    0x08000210   0x08000210   0x00000002   Code   RO          906    .ARM.Collect$$libshutdown$$00000000  c_w.l(libshutdown.o)
    0x08000212   0x08000212   0x00000000   Code   RO          921    .ARM.Collect$$libshutdown$$00000002  c_w.l(libshutdown2.o)
    0x08000212   0x08000212   0x00000000   Code   RO          923    .ARM.Collect$$libshutdown$$00000004  c_w.l(libshutdown2.o)
    0x08000212   0x08000212   0x00000000   Code   RO          926    .ARM.Collect$$libshutdown$$00000007  c_w.l(libshutdown2.o)
    0x08000212   0x08000212   0x00000000   Code   RO          929    .ARM.Collect$$libshutdown$$0000000A  c_w.l(libshutdown2.o)
    0x08000212   0x08000212   0x00000000   Code   RO          931    .ARM.Collect$$libshutdown$$0000000C  c_w.l(libshutdown2.o)
    0x08000212   0x08000212   0x00000000   Code   RO          934    .ARM.Collect$$libshutdown$$0000000F  c_w.l(libshutdown2.o)
    0x08000212   0x08000212   0x00000002   Code   RO          935    .ARM.Collect$$libshutdown$$00000010  c_w.l(libshutdown2.o)
    0x08000214   0x08000214   0x00000000   Code   RO          635    .ARM.Collect$$rtentry$$00000000  c_w.l(__rtentry.o)
    0x08000214   0x08000214   0x00000000   Code   RO          736    .ARM.Collect$$rtentry$$00000002  c_w.l(__rtentry2.o)
    0x08000214   0x08000214   0x00000006   Code   RO          748    .ARM.Collect$$rtentry$$00000004  c_w.l(__rtentry4.o)
    0x0800021a   0x0800021a   0x00000000   Code   RO          738    .ARM.Collect$$rtentry$$00000009  c_w.l(__rtentry2.o)
    0x0800021a   0x0800021a   0x00000004   Code   RO          739    .ARM.Collect$$rtentry$$0000000A  c_w.l(__rtentry2.o)
    0x0800021e   0x0800021e   0x00000000   Code   RO          741    .ARM.Collect$$rtentry$$0000000C  c_w.l(__rtentry2.o)
    0x0800021e   0x0800021e   0x00000008   Code   RO          742    .ARM.Collect$$rtentry$$0000000D  c_w.l(__rtentry2.o)
    0x08000226   0x08000226   0x00000002   Code   RO          827    .ARM.Collect$$rtexit$$00000000  c_w.l(rtexit.o)
    0x08000228   0x08000228   0x00000000   Code   RO          884    .ARM.Collect$$rtexit$$00000002  c_w.l(rtexit2.o)
    0x08000228   0x08000228   0x00000004   Code   RO          885    .ARM.Collect$$rtexit$$00000003  c_w.l(rtexit2.o)
    0x0800022c   0x0800022c   0x00000006   Code   RO          886    .ARM.Collect$$rtexit$$00000004  c_w.l(rtexit2.o)
    0x08000232   0x08000232   0x00000002   PAD
    0x08000234   0x08000234   0x00000040   Code   RO            4    .text               startup_stm32f103xb.o
    0x08000274   0x08000274   0x00000024   Code   RO          627    .text               c_w.l(vsprintf.o)
    0x08000298   0x08000298   0x0000004e   Code   RO          629    .text               c_w.l(rt_memclr_w.o)
    0x080002e6   0x080002e6   0x00000006   Code   RO          631    .text               c_w.l(heapauxi.o)
    0x080002ec   0x080002ec   0x0000004e   Code   RO          638    .text               c_w.l(_printf_pad.o)
    0x0800033a   0x0800033a   0x00000024   Code   RO          640    .text               c_w.l(_printf_truncate.o)
    0x0800035e   0x0800035e   0x00000052   Code   RO          642    .text               c_w.l(_printf_str.o)
    0x080003b0   0x080003b0   0x00000078   Code   RO          644    .text               c_w.l(_printf_dec.o)
    0x08000428   0x08000428   0x00000028   Code   RO          646    .text               c_w.l(_printf_charcount.o)
    0x08000450   0x08000450   0x00000030   Code   RO          648    .text               c_w.l(_printf_char_common.o)
    0x08000480   0x08000480   0x0000000a   Code   RO          650    .text               c_w.l(_sputc.o)
    0x0800048a   0x0800048a   0x00000002   PAD
    0x0800048c   0x0800048c   0x000000bc   Code   RO          652    .text               c_w.l(_printf_wctomb.o)
    0x08000548   0x08000548   0x0000007c   Code   RO          655    .text               c_w.l(_printf_longlong_dec.o)
    0x080005c4   0x080005c4   0x00000070   Code   RO          661    .text               c_w.l(_printf_oct_int_ll.o)
    0x08000634   0x08000634   0x00000094   Code   RO          681    .text               c_w.l(_printf_hex_int_ll_ptr.o)
    0x080006c8   0x080006c8   0x00000188   Code   RO          701    .text               c_w.l(__printf_flags_ss_wp.o)
    0x08000850   0x08000850   0x0000008a   Code   RO          750    .text               c_w.l(lludiv10.o)
    0x080008da   0x080008da   0x000000b2   Code   RO          752    .text               c_w.l(_printf_intcommon.o)
    0x0800098c   0x0800098c   0x0000041c   Code   RO          754    .text               c_w.l(_printf_fp_dec.o)
    0x08000da8   0x08000da8   0x000002fc   Code   RO          758    .text               c_w.l(_printf_fp_hex.o)
    0x080010a4   0x080010a4   0x0000002c   Code   RO          763    .text               c_w.l(_printf_char.o)
    0x080010d0   0x080010d0   0x0000002c   Code   RO          765    .text               c_w.l(_printf_wchar.o)
    0x080010fc   0x080010fc   0x00000048   Code   RO          768    .text               c_w.l(_c16rtomb.o)
    0x08001144   0x08001144   0x0000004a   Code   RO          770    .text               c_w.l(sys_stackheap_outer.o)
    0x0800118e   0x0800118e   0x00000002   PAD
    0x08001190   0x08001190   0x00000010   Code   RO          772    .text               c_w.l(rt_ctype_table.o)
    0x080011a0   0x080011a0   0x00000008   Code   RO          777    .text               c_w.l(rt_locale_intlibspace.o)
    0x080011a8   0x080011a8   0x00000080   Code   RO          779    .text               c_w.l(_printf_fp_infnan.o)
    0x08001228   0x08001228   0x000000e4   Code   RO          781    .text               c_w.l(bigflt0.o)
    0x0800130c   0x0800130c   0x00000012   Code   RO          811    .text               c_w.l(exit.o)
    0x0800131e   0x0800131e   0x00000002   PAD
    0x08001320   0x08001320   0x00000008   Code   RO          824    .text               c_w.l(libspace.o)
    0x08001328   0x08001328   0x00000080   Code   RO          834    .text               c_w.l(strcmpv7m.o)
    0x080013a8   0x080013a8   0x0000000c   Code   RO          896    .text               c_w.l(sys_exit.o)
    0x080013b4   0x080013b4   0x00000002   Code   RO          911    .text               c_w.l(use_no_semi.o)
    0x080013b6   0x080013b6   0x00000000   Code   RO          913    .text               c_w.l(indicate_semi.o)
    0x080013b6   0x080013b6   0x00000002   PAD
    0x080013b8   0x080013b8   0x0000018c   Code   RO          603    .text.BTL_EnFetchHostCmd  bootloader.o
    0x08001544   0x08001544   0x00000114   Code   RO          611    .text.BTL_voidGetChipIdNumber  bootloader.o
    0x08001658   0x08001658   0x00000104   Code   RO          609    .text.BTL_voidGetHelp  bootloader.o
    0x0800175c   0x0800175c   0x000000f2   Code   RO          607    .text.BTL_voidGetVersion  bootloader.o
    0x0800184e   0x0800184e   0x00000002   PAD
    0x08001850   0x08001850   0x00000188   Code   RO          613    .text.BTL_voidJumpToAddress  bootloader.o
    0x080019d8   0x080019d8   0x00000040   Code   RO          605    .text.BTL_voidPrintDbgMsg  bootloader.o
    0x08001a18   0x08001a18   0x00000002   Code   RO           72    .text.BusFault_Handler  stm32f1xx_it.o
    0x08001a1a   0x08001a1a   0x00000002   PAD
    0x08001a1c   0x08001a1c   0x00000002   Code   RO           78    .text.DebugMon_Handler  stm32f1xx_it.o
    0x08001a1e   0x08001a1e   0x00000002   PAD
    0x08001a20   0x08001a20   0x0000000a   Code   RO           15    .text.Error_Handler  main.o
    0x08001a2a   0x08001a2a   0x00000002   PAD
    0x08001a2c   0x08001a2c   0x00000080   Code   RO          121    .text.HAL_CRC_Accumulate  stm32f1xx_hal_crc.o
    0x08001aac   0x08001aac   0x0000002a   Code   RO          113    .text.HAL_CRC_Init  stm32f1xx_hal_crc.o
    0x08001ad6   0x08001ad6   0x00000002   PAD
    0x08001ad8   0x08001ad8   0x00000032   Code   RO           35    .text.HAL_CRC_MspInit  crc.o
    0x08001b0a   0x08001b0a   0x00000002   PAD
    0x08001b0c   0x08001b0c   0x00000212   Code   RO          247    .text.HAL_GPIO_Init  stm32f1xx_hal_gpio.o
    0x08001d1e   0x08001d1e   0x00000002   PAD
    0x08001d20   0x08001d20   0x0000000c   Code   RO          147    .text.HAL_GetTick   stm32f1xx_hal.o
    0x08001d2c   0x08001d2c   0x0000001a   Code   RO          145    .text.HAL_IncTick   stm32f1xx_hal.o
    0x08001d46   0x08001d46   0x00000002   PAD
    0x08001d48   0x08001d48   0x00000026   Code   RO          135    .text.HAL_Init      stm32f1xx_hal.o
    0x08001d6e   0x08001d6e   0x00000002   PAD
    0x08001d70   0x08001d70   0x00000048   Code   RO          137    .text.HAL_InitTick  stm32f1xx_hal.o
    0x08001db8   0x08001db8   0x00000032   Code   RO           91    .text.HAL_MspInit   stm32f1xx_hal_msp.o
    0x08001dea   0x08001dea   0x00000002   PAD
    0x08001dec   0x08001dec   0x00000056   Code   RO          305    .text.HAL_NVIC_SetPriority  stm32f1xx_hal_cortex.o
    0x08001e42   0x08001e42   0x00000002   PAD
    0x08001e44   0x08001e44   0x00000020   Code   RO          303    .text.HAL_NVIC_SetPriorityGrouping  stm32f1xx_hal_cortex.o
    0x08001e64   0x08001e64   0x00000002   Code   RO          221    .text.HAL_RCC_CSSCallback  stm32f1xx_hal_rcc.o
    0x08001e66   0x08001e66   0x00000002   PAD
    0x08001e68   0x08001e68   0x000001be   Code   RO          199    .text.HAL_RCC_ClockConfig  stm32f1xx_hal_rcc.o
    0x08002026   0x08002026   0x00000002   PAD
    0x08002028   0x08002028   0x000000ea   Code   RO          195    .text.HAL_RCC_DeInit  stm32f1xx_hal_rcc.o
    0x08002112   0x08002112   0x00000002   PAD
    0x08002114   0x08002114   0x0000000c   Code   RO          205    .text.HAL_RCC_EnableCSS  stm32f1xx_hal_rcc.o
    0x08002120   0x08002120   0x00000026   Code   RO          211    .text.HAL_RCC_GetPCLK1Freq  stm32f1xx_hal_rcc.o
    0x08002146   0x08002146   0x00000002   PAD
    0x08002148   0x08002148   0x00000026   Code   RO          213    .text.HAL_RCC_GetPCLK2Freq  stm32f1xx_hal_rcc.o
    0x0800216e   0x0800216e   0x00000002   PAD
    0x08002170   0x08002170   0x0000001c   Code   RO          219    .text.HAL_RCC_NMI_IRQHandler  stm32f1xx_hal_rcc.o
    0x0800218c   0x0800218c   0x000003b4   Code   RO          197    .text.HAL_RCC_OscConfig  stm32f1xx_hal_rcc.o
    0x08002540   0x08002540   0x0000002c   Code   RO          315    .text.HAL_SYSTICK_Config  stm32f1xx_hal_cortex.o
    0x0800256c   0x0800256c   0x000000dc   Code   RO          470    .text.HAL_UART_Init  stm32f1xx_hal_uart.o
    0x08002648   0x08002648   0x000000d2   Code   RO           52    .text.HAL_UART_MspInit  usart.o
    0x0800271a   0x0800271a   0x00000002   PAD
    0x0800271c   0x0800271c   0x0000013e   Code   RO          486    .text.HAL_UART_Receive  stm32f1xx_hal_uart.o
    0x0800285a   0x0800285a   0x00000002   PAD
    0x0800285c   0x0800285c   0x000001b0   Code   RO          484    .text.HAL_UART_Transmit  stm32f1xx_hal_uart.o
    0x08002a0c   0x08002a0c   0x00000002   Code   RO           68    .text.HardFault_Handler  stm32f1xx_it.o
    0x08002a0e   0x08002a0e   0x00000002   PAD
    0x08002a10   0x08002a10   0x00000026   Code   RO           33    .text.MX_CRC_Init   crc.o
    0x08002a36   0x08002a36   0x00000002   PAD
    0x08002a38   0x08002a38   0x00000032   Code   RO           25    .text.MX_GPIO_Init  gpio.o
    0x08002a6a   0x08002a6a   0x00000002   PAD
    0x08002a6c   0x08002a6c   0x0000003c   Code   RO           48    .text.MX_USART1_UART_Init  usart.o
    0x08002aa8   0x08002aa8   0x0000003c   Code   RO           50    .text.MX_USART2_UART_Init  usart.o
    0x08002ae4   0x08002ae4   0x00000002   Code   RO           70    .text.MemManage_Handler  stm32f1xx_it.o
    0x08002ae6   0x08002ae6   0x00000002   PAD
    0x08002ae8   0x08002ae8   0x00000006   Code   RO           66    .text.NMI_Handler   stm32f1xx_it.o
    0x08002aee   0x08002aee   0x00000002   PAD
    0x08002af0   0x08002af0   0x00000002   Code   RO           80    .text.PendSV_Handler  stm32f1xx_it.o
    0x08002af2   0x08002af2   0x00000002   PAD
    0x08002af4   0x08002af4   0x00000002   Code   RO           76    .text.SVC_Handler   stm32f1xx_it.o
    0x08002af6   0x08002af6   0x00000002   PAD
    0x08002af8   0x08002af8   0x00000004   Code   RO           82    .text.SysTick_Handler  stm32f1xx_it.o
    0x08002afc   0x08002afc   0x00000002   Code   RO          588    .text.SystemInit    system_stm32f1xx.o
    0x08002afe   0x08002afe   0x00000002   PAD
    0x08002b00   0x08002b00   0x00000002   Code   RO           74    .text.UsageFault_Handler  stm32f1xx_it.o
    0x08002b02   0x08002b02   0x00000002   PAD
    0x08002b04   0x08002b04   0x0000007a   Code   RO           11    .text.main          main.o
    0x08002b7e   0x08002b7e   0x0000003e   Code   RO          784    CL$$btod_d2e        c_w.l(btod.o)
    0x08002bbc   0x08002bbc   0x00000046   Code   RO          786    CL$$btod_d2e_denorm_low  c_w.l(btod.o)
    0x08002c02   0x08002c02   0x00000060   Code   RO          785    CL$$btod_d2e_norm_op1  c_w.l(btod.o)
    0x08002c62   0x08002c62   0x00000002   PAD
    0x08002c64   0x08002c64   0x00000338   Code   RO          794    CL$$btod_div_common  c_w.l(btod.o)
    0x08002f9c   0x08002f9c   0x000000dc   Code   RO          791    CL$$btod_e2e        c_w.l(btod.o)
    0x08003078   0x08003078   0x0000002a   Code   RO          788    CL$$btod_ediv       c_w.l(btod.o)
    0x080030a2   0x080030a2   0x0000002a   Code   RO          787    CL$$btod_emul       c_w.l(btod.o)
    0x080030cc   0x080030cc   0x00000244   Code   RO          793    CL$$btod_mult_common  c_w.l(btod.o)
    0x08003310   0x08003310   0x00000028   Code   RO          822    i.__ARM_fpclassify  m_ws.l(fpclassify.o)
    0x08003338   0x08003338   0x0000000e   Code   RO          694    i._is_digit         c_w.l(__printf_wp.o)
    0x08003346   0x08003346   0x00000002   PAD
    0x08003348   0x08003348   0x0000002c   Code   RO          809    locale$$code        c_w.l(lc_numeric_c.o)
    0x08003374   0x08003374   0x0000002c   Code   RO          832    locale$$code        c_w.l(lc_ctype_c.o)
    0x080033a0   0x080033a0   0x00000004   Code   RO          727    x$fpl$printf1       fz_ws.l(printf1.o)
    0x080033a4   0x080033a4   0x00000004   Code   RO          729    x$fpl$printf2       fz_ws.l(printf2.o)
    0x080033a8   0x080033a8   0x00000000   Code   RO          821    x$fpl$usenofp       fz_ws.l(usenofp.o)
    0x080033a8   0x080033a8   0x00000008   Data   RO          653    .constdata          c_w.l(_printf_wctomb.o)
    0x080033b0   0x080033b0   0x00000028   Data   RO          682    .constdata          c_w.l(_printf_hex_int_ll_ptr.o)
    0x080033d8   0x080033d8   0x00000011   Data   RO          702    .constdata          c_w.l(__printf_flags_ss_wp.o)
    0x080033e9   0x080033e9   0x00000026   Data   RO          759    .constdata          c_w.l(_printf_fp_hex.o)
    0x0800340f   0x0800340f   0x00000001   PAD
    0x08003410   0x08003410   0x00000094   Data   RO          782    .constdata          c_w.l(bigflt0.o)
    0x080034a4   0x080034a4   0x00000002   Data   RO          224    .rodata..L__const.HAL_RCC_GetSysClockFreq.aPredivFactorTable  stm32f1xx_hal_rcc.o
    0x080034a6   0x080034a6   0x00000010   Data   RO          593    .rodata.AHBPrescTable  system_stm32f1xx.o
    0x080034b6   0x080034b6   0x00000008   Data   RO          594    .rodata.APBPrescTable  system_stm32f1xx.o
    0x080034be   0x080034be   0x00000010   Data   RO          223    .rodata.cst16       stm32f1xx_hal_rcc.o
    0x080034ce   0x080034ce   0x0000016e   Data   RO          616    .rodata.str1.1      bootloader.o
    0x0800363c   0x0800363c   0x00000020   Data   RO          969    Region$$Table       anon$$obj.o
    0x0800365c   0x0800365c   0x0000001c   Data   RO          808    locale$$data        c_w.l(lc_numeric_c.o)
    0x08003678   0x08003678   0x00000110   Data   RO          831    locale$$data        c_w.l(lc_ctype_c.o)


    Execution Region RW_IRAM1 (Exec base: 0x20000000, Load base: 0x08003788, Size: 0x000007d0, Max: 0x00005000, ABSOLUTE)

    Exec Addr    Load Addr    Size         Type   Attr      Idx    E Section Name        Object

    0x20000000   0x08003788   0x00000008   Data   RW          186    .data..L_MergedGlobals  stm32f1xx_hal.o
    0x20000008   0x08003790   0x00000004   Data   RW          592    .data.SystemCoreClock  system_stm32f1xx.o
    0x2000000c   0x08003794   0x00000004   PAD
    0x20000010        -       0x00000060   Zero   RW          825    .bss                c_w.l(libspace.o)
    0x20000070        -       0x000000c8   Zero   RW          615    .bss.G_u8BtlHostBuffer  bootloader.o
    0x20000138        -       0x00000008   Zero   RW           39    .bss.hcrc           crc.o
    0x20000140        -       0x00000044   Zero   RW           56    .bss.huart1         usart.o
    0x20000184        -       0x00000044   Zero   RW           57    .bss.huart2         usart.o
    0x200001c8        -       0x00000004   Zero   RW          185    .bss.uwTick         stm32f1xx_hal.o
    0x200001cc   0x08003794   0x00000004   PAD
    0x200001d0        -       0x00000200   Zero   RW            2    HEAP                startup_stm32f103xb.o
    0x200003d0        -       0x00000400   Zero   RW            1    STACK               startup_stm32f103xb.o


==============================================================================

Image component sizes


      Code (inc. data)   RO Data    RW Data    ZI Data      Debug   Object Name

      1630        212        366          0        200       9823   bootloader.o
        88          0          0          0          8       2175   crc.o
        50          0          0          0          0        926   gpio.o
       132          0          0          0          0       2128   main.o
        64         26        236          0       1536        808   startup_stm32f103xb.o
       148          0          0          8          4       5757   stm32f1xx_hal.o
       162          0          0          0          0       8483   stm32f1xx_hal_cortex.o
       170          0          0          0          0       3808   stm32f1xx_hal_crc.o
       530         22          0          0          0       4603   stm32f1xx_hal_gpio.o
        50          0          0          0          0        951   stm32f1xx_hal_msp.o
      1746          0         18          0          0       7657   stm32f1xx_hal_rcc.o
       970          0          0          0          0      23596   stm32f1xx_hal_uart.o
        24          0          0          0          0       1165   stm32f1xx_it.o
         2          0         24          4          0       1637   system_stm32f1xx.o
       330          0          0          0        136       4450   usart.o

    ----------------------------------------------------------------------
      6150        260        676         12       1892      77967   Object Totals
         0          0         32          0          0          0   (incl. Generated)
        54          0          0          0          8          0   (incl. Padding)

    ----------------------------------------------------------------------

      Code (inc. data)   RO Data    RW Data    ZI Data      Debug   Library Member Name

         8          0          0          0          0         68   __main.o
       392          4         17          0          0         92   __printf_flags_ss_wp.o
        14          0          0          0          0         68   __printf_wp.o
         0          0          0          0          0          0   __rtentry.o
        12          0          0          0          0          0   __rtentry2.o
         6          0          0          0          0          0   __rtentry4.o
        52          8          0          0          0          0   __scatter.o
        26          0          0          0          0          0   __scatter_copy.o
        28          0          0          0          0          0   __scatter_zi.o
        72          0          0          0          0         96   _c16rtomb.o
         6          0          0          0          0          0   _printf_a.o
         6          0          0          0          0          0   _printf_c.o
        44          0          0          0          0        108   _printf_char.o
        48          6          0          0          0         96   _printf_char_common.o
        40          0          0          0          0         68   _printf_charcount.o
         6          0          0          0          0          0   _printf_d.o
       120         16          0          0          0         92   _printf_dec.o
         6          0          0          0          0          0   _printf_e.o
         6          0          0          0          0          0   _printf_f.o
      1052          0          0          0          0        148   _printf_fp_dec.o
       764          8         38          0          0        100   _printf_fp_hex.o
       128         16          0          0          0         84   _printf_fp_infnan.o
         6          0          0          0          0          0   _printf_g.o
       148          4         40          0          0        160   _printf_hex_int_ll_ptr.o
         6          0          0          0          0          0   _printf_i.o
       178          0          0          0          0         88   _printf_intcommon.o
        10          0          0          0          0          0   _printf_l.o
         6          0          0          0          0          0   _printf_lc.o
        10          0          0          0          0          0   _printf_ll.o
         6          0          0          0          0          0   _printf_lld.o
         6          0          0          0          0          0   _printf_lli.o
         6          0          0          0          0          0   _printf_llo.o
         6          0          0          0          0          0   _printf_llu.o
         6          0          0          0          0          0   _printf_llx.o
       124         16          0          0          0         92   _printf_longlong_dec.o
         6          0          0          0          0          0   _printf_ls.o
         6          0          0          0          0          0   _printf_n.o
         6          0          0          0          0          0   _printf_o.o
       112          8          0          0          0        124   _printf_oct_int_ll.o
         6          0          0          0          0          0   _printf_p.o
        78          0          0          0          0        108   _printf_pad.o
         0          0          0          0          0          0   _printf_percent.o
         4          0          0          0          0          0   _printf_percent_end.o
         6          0          0          0          0          0   _printf_s.o
        82          0          0          0          0         80   _printf_str.o
        36          0          0          0          0         84   _printf_truncate.o
         6          0          0          0          0          0   _printf_u.o
        44          0          0          0          0        108   _printf_wchar.o
       188          6          8          0          0         92   _printf_wctomb.o
         6          0          0          0          0          0   _printf_x.o
        10          0          0          0          0         68   _sputc.o
       228          4        148          0          0         96   bigflt0.o
      1936        128          0          0          0        668   btod.o
        18          0          0          0          0         80   exit.o
         6          0          0          0          0        152   heapauxi.o
         0          0          0          0          0          0   indicate_semi.o
        44         10        272          0          0         76   lc_ctype_c.o
        44         10         28          0          0         76   lc_numeric_c.o
         2          0          0          0          0          0   libinit.o
        30          0          0          0          0          0   libinit2.o
         2          0          0          0          0          0   libshutdown.o
         2          0          0          0          0          0   libshutdown2.o
         8          4          0          0         96         68   libspace.o
       138          0          0          0          0         80   lludiv10.o
        16          4          0          0          0         76   rt_ctype_table.o
         8          4          0          0          0         68   rt_locale_intlibspace.o
        78          0          0          0          0         80   rt_memclr_w.o
         2          0          0          0          0          0   rtexit.o
        10          0          0          0          0          0   rtexit2.o
       128          0          0          0          0         68   strcmpv7m.o
        12          4          0          0          0         68   sys_exit.o
        74          0          0          0          0         80   sys_stackheap_outer.o
         2          0          0          0          0         68   use_no_semi.o
        36          4          0          0          0         76   vsprintf.o
         4          0          0          0          0         68   printf1.o
         4          0          0          0          0         68   printf2.o
         0          0          0          0          0          0   usenofp.o
        40          0          0          0          0         68   fpclassify.o

    ----------------------------------------------------------------------
      6838        264        552          0         96       4108   Library Totals
        16          0          1          0          0          0   (incl. Padding)

    ----------------------------------------------------------------------

      Code (inc. data)   RO Data    RW Data    ZI Data      Debug   Library Name

      6774        264        551          0         96       3904   c_w.l
         8          0          0          0          0        136   fz_ws.l
        40          0          0          0          0         68   m_ws.l

    ----------------------------------------------------------------------
      6838        264        552          0         96       4108   Library Totals

    ----------------------------------------------------------------------

==============================================================================


      Code (inc. data)   RO Data    RW Data    ZI Data      Debug   

     12988        524       1228         12       1988      79627   Grand Totals
     12988        524       1228         12       1988      79627   ELF Image Totals
     12988        524       1228         12          0          0   ROM Totals

==============================================================================

    Total RO  Size (Code + RO Data)                14216 (  13.88kB)
    Total RW  Size (RW Data + ZI Data)              2000 (   1.95kB)
    Total ROM Size (Code + RO Data + RW Data)      14228 (  13.89kB)

==============================================================================

